Component: ARM Compiler 5.06 update 7 (build 960) Tool: armlink [4d3601]

==============================================================================

Section Cross References

    system_stm32f10x.o(i.SetSysClock) refers to system_stm32f10x.o(i.SetSysClockTo72) for SetSysClockTo72
    system_stm32f10x.o(i.SystemCoreClockUpdate) refers to system_stm32f10x.o(.data) for SystemCoreClock
    system_stm32f10x.o(i.SystemInit) refers to system_stm32f10x.o(i.SetSysClock) for SetSysClock
    startup_stm32f10x_hd.o(RESET) refers to startup_stm32f10x_hd.o(STACK) for __initial_sp
    startup_stm32f10x_hd.o(RESET) refers to startup_stm32f10x_hd.o(.text) for Reset_Handler
    startup_stm32f10x_hd.o(RESET) refers to stm32f10x_it.o(i.NMI_Handler) for NMI_Handler
    startup_stm32f10x_hd.o(RESET) refers to stm32f10x_it.o(i.HardFault_Handler) for HardFault_Handler
    startup_stm32f10x_hd.o(RESET) refers to stm32f10x_it.o(i.MemManage_Handler) for MemManage_Handler
    startup_stm32f10x_hd.o(RESET) refers to stm32f10x_it.o(i.BusFault_Handler) for BusFault_Handler
    startup_stm32f10x_hd.o(RESET) refers to stm32f10x_it.o(i.UsageFault_Handler) for UsageFault_Handler
    startup_stm32f10x_hd.o(RESET) refers to port.o(.emb_text) for SVC_Handler
    startup_stm32f10x_hd.o(RESET) refers to stm32f10x_it.o(i.DebugMon_Handler) for DebugMon_Handler
    startup_stm32f10x_hd.o(RESET) refers to port.o(i.SysTick_Handler) for SysTick_Handler
    startup_stm32f10x_hd.o(RESET) refers to esp8266.o(i.USART3_IRQHandler) for USART3_IRQHandler
    startup_stm32f10x_hd.o(RESET) refers to mytimer.o(i.TIM5_IRQHandler) for TIM5_IRQHandler
    startup_stm32f10x_hd.o(RESET) refers to usart.o(i.UART5_IRQHandler) for UART5_IRQHandler
    startup_stm32f10x_hd.o(.text) refers to system_stm32f10x.o(i.SystemInit) for SystemInit
    startup_stm32f10x_hd.o(.text) refers to entry.o(.ARM.Collect$$$$00000000) for __main
    stm32f10x_adc.o(i.ADC_DeInit) refers to stm32f10x_rcc.o(i.RCC_APB2PeriphResetCmd) for RCC_APB2PeriphResetCmd
    stm32f10x_bkp.o(i.BKP_DeInit) refers to stm32f10x_rcc.o(i.RCC_BackupResetCmd) for RCC_BackupResetCmd
    stm32f10x_can.o(i.CAN_DeInit) refers to stm32f10x_rcc.o(i.RCC_APB1PeriphResetCmd) for RCC_APB1PeriphResetCmd
    stm32f10x_can.o(i.CAN_GetITStatus) refers to stm32f10x_can.o(i.CheckITStatus) for CheckITStatus
    stm32f10x_cec.o(i.CEC_DeInit) refers to stm32f10x_rcc.o(i.RCC_APB1PeriphResetCmd) for RCC_APB1PeriphResetCmd
    stm32f10x_dac.o(i.DAC_DeInit) refers to stm32f10x_rcc.o(i.RCC_APB1PeriphResetCmd) for RCC_APB1PeriphResetCmd
    stm32f10x_flash.o(i.FLASH_EnableWriteProtection) refers to stm32f10x_flash.o(i.FLASH_WaitForLastOperation) for FLASH_WaitForLastOperation
    stm32f10x_flash.o(i.FLASH_EraseAllBank1Pages) refers to stm32f10x_flash.o(i.FLASH_WaitForLastBank1Operation) for FLASH_WaitForLastBank1Operation
    stm32f10x_flash.o(i.FLASH_EraseAllPages) refers to stm32f10x_flash.o(i.FLASH_WaitForLastOperation) for FLASH_WaitForLastOperation
    stm32f10x_flash.o(i.FLASH_EraseOptionBytes) refers to stm32f10x_flash.o(i.FLASH_GetReadOutProtectionStatus) for FLASH_GetReadOutProtectionStatus
    stm32f10x_flash.o(i.FLASH_EraseOptionBytes) refers to stm32f10x_flash.o(i.FLASH_WaitForLastOperation) for FLASH_WaitForLastOperation
    stm32f10x_flash.o(i.FLASH_ErasePage) refers to stm32f10x_flash.o(i.FLASH_WaitForLastOperation) for FLASH_WaitForLastOperation
    stm32f10x_flash.o(i.FLASH_ProgramHalfWord) refers to stm32f10x_flash.o(i.FLASH_WaitForLastOperation) for FLASH_WaitForLastOperation
    stm32f10x_flash.o(i.FLASH_ProgramOptionByteData) refers to stm32f10x_flash.o(i.FLASH_WaitForLastOperation) for FLASH_WaitForLastOperation
    stm32f10x_flash.o(i.FLASH_ProgramWord) refers to stm32f10x_flash.o(i.FLASH_WaitForLastOperation) for FLASH_WaitForLastOperation
    stm32f10x_flash.o(i.FLASH_ReadOutProtection) refers to stm32f10x_flash.o(i.FLASH_WaitForLastOperation) for FLASH_WaitForLastOperation
    stm32f10x_flash.o(i.FLASH_UserOptionByteConfig) refers to stm32f10x_flash.o(i.FLASH_WaitForLastOperation) for FLASH_WaitForLastOperation
    stm32f10x_flash.o(i.FLASH_WaitForLastBank1Operation) refers to stm32f10x_flash.o(i.FLASH_GetBank1Status) for FLASH_GetBank1Status
    stm32f10x_flash.o(i.FLASH_WaitForLastOperation) refers to stm32f10x_flash.o(i.FLASH_GetBank1Status) for FLASH_GetBank1Status
    stm32f10x_gpio.o(i.GPIO_AFIODeInit) refers to stm32f10x_rcc.o(i.RCC_APB2PeriphResetCmd) for RCC_APB2PeriphResetCmd
    stm32f10x_gpio.o(i.GPIO_DeInit) refers to stm32f10x_rcc.o(i.RCC_APB2PeriphResetCmd) for RCC_APB2PeriphResetCmd
    stm32f10x_i2c.o(i.I2C_DeInit) refers to stm32f10x_rcc.o(i.RCC_APB1PeriphResetCmd) for RCC_APB1PeriphResetCmd
    stm32f10x_i2c.o(i.I2C_Init) refers to stm32f10x_rcc.o(i.RCC_GetClocksFreq) for RCC_GetClocksFreq
    stm32f10x_pwr.o(i.PWR_DeInit) refers to stm32f10x_rcc.o(i.RCC_APB1PeriphResetCmd) for RCC_APB1PeriphResetCmd
[...]
    i.__mathlib_dbl_overflow                 0x08003f74   Section        0  dunder.o(i.__mathlib_dbl_overflow)
    i.__mathlib_dbl_underflow                0x08003f84   Section        0  dunder.o(i.__mathlib_dbl_underflow)
    i.__scatterload_copy                     0x08003f94   Section       14  handlers.o(i.__scatterload_copy)
    i.__scatterload_null                     0x08003fa2   Section        2  handlers.o(i.__scatterload_null)
    i.__scatterload_zeroinit                 0x08003fa4   Section       14  handlers.o(i.__scatterload_zeroinit)
    i.__set_errno                            0x08003fb4   Section        0  errno.o(i.__set_errno)
    i._fp_digits                             0x08003fc0   Section        0  printfa.o(i._fp_digits)
    _fp_digits                               0x08003fc1   Thumb Code   366  printfa.o(i._fp_digits)
    i._printf_core                           0x08004144   Section        0  printfa.o(i._printf_core)
    _printf_core                             0x08004145   Thumb Code  1704  printfa.o(i._printf_core)
    i._printf_post_padding                   0x080047f8   Section        0  printfa.o(i._printf_post_padding)
    _printf_post_padding                     0x080047f9   Thumb Code    36  printfa.o(i._printf_post_padding)
    i._printf_pre_padding                    0x0800481c   Section        0  printfa.o(i._printf_pre_padding)
    _printf_pre_padding                      0x0800481d   Thumb Code    46  printfa.o(i._printf_pre_padding)
    i._snputc                                0x0800484a   Section        0  printfa.o(i._snputc)
    _snputc                                  0x0800484b   Thumb Code    22  printfa.o(i._snputc)
    i._sputc                                 0x08004860   Section        0  printfa.o(i._sputc)
    _sputc                                   0x08004861   Thumb Code    10  printfa.o(i._sputc)
    i.cJSON_Delete                           0x0800486c   Section        0  cjson.o(i.cJSON_Delete)
    i.cJSON_GetObjectItem                    0x080048c4   Section        0  cjson.o(i.cJSON_GetObjectItem)
    i.cJSON_New_Item                         0x080048e4   Section        0  cjson.o(i.cJSON_New_Item)
    cJSON_New_Item                           0x080048e5   Thumb Code    26  cjson.o(i.cJSON_New_Item)
    i.cJSON_Parse                            0x08004904   Section        0  cjson.o(i.cJSON_Parse)
    i.cJSON_ParseWithOpts                    0x08004914   Section        0  cjson.o(i.cJSON_ParseWithOpts)
    i.cJSON_strcasecmp                       0x08004978   Section        0  cjson.o(i.cJSON_strcasecmp)
    cJSON_strcasecmp                         0x08004979   Thumb Code    76  cjson.o(i.cJSON_strcasecmp)
    i.delay_Init                             0x080049c4   Section        0  delay.o(i.delay_Init)
    i.delay_ms                               0x080049f4   Section        0  delay.o(i.delay_ms)
    i.delay_us                               0x08004a0c   Section        0  delay.o(i.delay_us)
    i.free                                   0x08004a3c   Section        0  malloc.o(i.free)
    i.main                                   0x08004a8c   Section        0  main.o(i.main)
    i.malloc                                 0x08004ac4   Section        0  malloc.o(i.malloc)
    i.parse_array                            0x08004b30   Section        0  cjson.o(i.parse_array)
    parse_array                              0x08004b31   Thumb Code   166  cjson.o(i.parse_array)
    i.parse_hex4                             0x08004bdc   Section        0  cjson.o(i.parse_hex4)
    parse_hex4                               0x08004bdd   Thumb Code   276  cjson.o(i.parse_hex4)
    i.parse_number                           0x08004cf0   Section        0  cjson.o(i.parse_number)
    parse_number                             0x08004cf1   Thumb Code   432  cjson.o(i.parse_number)
    i.parse_object                           0x08004eac   Section        0  cjson.o(i.parse_object)
    parse_object                             0x08004ead   Thumb Code   270  cjson.o(i.parse_object)
    i.parse_string                           0x08004fc0   Section        0  cjson.o(i.parse_string)
    parse_string                             0x08004fc1   Thumb Code   448  cjson.o(i.parse_string)
    i.parse_value                            0x0800518c   Section        0  cjson.o(i.parse_value)
    parse_value                              0x0800518d   Thumb Code   158  cjson.o(i.parse_value)
    i.pow                                    0x08005248   Section        0  pow.o(i.pow)
    i.prvAddCurrentTaskToDelayedList         0x08005c20   Section        0  tasks.o(i.prvAddCurrentTaskToDelayedList)
    prvAddCurrentTaskToDelayedList           0x08005c21   Thumb Code   164  tasks.o(i.prvAddCurrentTaskToDelayedList)
    i.prvAddNewTaskToReadyList               0x08005ce0   Section        0  tasks.o(i.prvAddNewTaskToReadyList)
    prvAddNewTaskToReadyList                 0x08005ce1   Thumb Code   200  tasks.o(i.prvAddNewTaskToReadyList)
    i.prvCheckTasksWaitingTermination        0x08005dc4   Section        0  tasks.o(i.prvCheckTasksWaitingTermination)
    prvCheckTasksWaitingTermination          0x08005dc5   Thumb Code    60  tasks.o(i.prvCheckTasksWaitingTermination)
    i.prvDeleteTCB                           0x08005e0c   Section        0  tasks.o(i.prvDeleteTCB)
    prvDeleteTCB                             0x08005e0d   Thumb Code    18  tasks.o(i.prvDeleteTCB)
    i.prvHeapInit                            0x08005e20   Section        0  heap_4.o(i.prvHeapInit)
    prvHeapInit                              0x08005e21   Thumb Code    90  heap_4.o(i.prvHeapInit)
    i.prvIdleTask                            0x08005e90   Section        0  tasks.o(i.prvIdleTask)
    prvIdleTask                              0x08005e91   Thumb Code    32  tasks.o(i.prvIdleTask)
    i.prvInitialiseNewTask                   0x08005eb8   Section        0  tasks.o(i.prvInitialiseNewTask)
    prvInitialiseNewTask                     0x08005eb9   Thumb Code   122  tasks.o(i.prvInitialiseNewTask)
    i.prvInitialiseTaskLists                 0x08005f34   Section        0  tasks.o(i.prvInitialiseTaskLists)
    prvInitialiseTaskLists                   0x08005f35   Thumb Code    70  tasks.o(i.prvInitialiseTaskLists)
    i.prvInsertBlockIntoFreeList             0x08005f9c   Section        0  heap_4.o(i.prvInsertBlockIntoFreeList)
    prvInsertBlockIntoFreeList               0x08005f9d   Thumb Code    96  heap_4.o(i.prvInsertBlockIntoFreeList)
    i.prvResetNextTaskUnblockTime            0x08006004   Section        0  tasks.o(i.prvResetNextTaskUnblockTime)
    prvResetNextTaskUnblockTime              0x08006005   Thumb Code    40  tasks.o(i.prvResetNextTaskUnblockTime)
    i.prvTaskExitError                       0x08006034   Section        0  port.o(i.prvTaskExitError)
    prvTaskExitError                         0x08006035   Thumb Code    22  port.o(i.prvTaskExitError)
    i.pvPortMalloc                           0x0800604c   Section        0  heap_4.o(i.pvPortMalloc)
    i.pxPortInitialiseStack                  0x08006130   Section        0  port.o(i.pxPortInitialiseStack)
    i.skip                                   0x08006154   Section        0  cjson.o(i.skip)
    skip                                     0x08006155   Thumb Code    18  cjson.o(i.skip)
    i.sqrt                                   0x08006166   Section        0  sqrt.o(i.sqrt)
    i.uxListRemove                           0x080061b2   Section        0  list.o(i.uxListRemove)
    i.vListInitialise                        0x080061da   Section        0  list.o(i.vListInitialise)
    i.vListInitialiseItem                    0x080061f4   Section        0  list.o(i.vListInitialiseItem)
    i.vListInsert                            0x080061fa   Section        0  list.o(i.vListInsert)
    i.vListInsertEnd                         0x0800622e   Section        0  list.o(i.vListInsertEnd)
    i.vPortEnterCritical                     0x08006248   Section        0  port.o(i.vPortEnterCritical)
    i.vPortExitCritical                      0x0800626c   Section        0  port.o(i.vPortExitCritical)
    i.vPortFree                              0x0800628c   Section        0  heap_4.o(i.vPortFree)
    i.vPortSetupTimerInterrupt               0x080062d8   Section        0  port.o(i.vPortSetupTimerInterrupt)
    i.vTaskDelay                             0x080062f0   Section        0  tasks.o(i.vTaskDelay)
    i.vTaskDelete                            0x08006324   Section        0  tasks.o(i.vTaskDelete)
    i.vTaskStartScheduler                    0x080063f8   Section        0  tasks.o(i.vTaskStartScheduler)
    i.vTaskSuspendAll                        0x08006464   Section        0  tasks.o(i.vTaskSuspendAll)
    i.vTaskSwitchContext                     0x08006474   Section        0  tasks.o(i.vTaskSwitchContext)
    i.xPortStartScheduler                    0x080064d4   Section        0  port.o(i.xPortStartScheduler)
    i.xTaskCreate                            0x08006508   Section        0  tasks.o(i.xTaskCreate)
    i.xTaskIncrementTick                     0x08006570   Section        0  tasks.o(i.xTaskIncrementTick)
    i.xTaskResumeAll                         0x08006700   Section        0  tasks.o(i.xTaskResumeAll)
    .constdata                               0x0800685c   Section        4  mytask.o(.constdata)
    .constdata                               0x08006860   Section     1520  oled.o(.constdata)
    .constdata                               0x08006e50   Section        7  cjson.o(.constdata)
    firstByteMark                            0x08006e50   Data           7  cjson.o(.constdata)
    .constdata                               0x08006e58   Section      136  pow.o(.constdata)
    bp                                       0x08006e58   Data          16  pow.o(.constdata)
    dp_h                                     0x08006e68   Data          16  pow.o(.constdata)
    dp_l                                     0x08006e78   Data          16  pow.o(.constdata)
    L                                        0x08006e88   Data          48  pow.o(.constdata)
    P                                        0x08006eb8   Data          40  pow.o(.constdata)
    .constdata                               0x08006ee0   Section        8  qnan.o(.constdata)
    .constdata                               0x08006ee8   Section      129  ctype_o.o(.constdata)
    .constdata                               0x08006f6c   Section        4  ctype_o.o(.constdata)
    table                                    0x08006f6c   Data           4  ctype_o.o(.constdata)
    .conststring                             0x08006f70   Section       10  mytask.o(.conststring)
    .data                                    0x20000000   Section       20  stm32f10x_rcc.o(.data)
    APBAHBPrescTable                         0x20000000   Data          16  stm32f10x_rcc.o(.data)
    ADCPrescTable                            0x20000010   Data           4  stm32f10x_rcc.o(.data)
    .data                                    0x20000014   Section        5  usart.o(.data)
    i                                        0x20000018   Data           1  usart.o(.data)
    .data                                    0x2000001c   Section        4  mytask.o(.data)
    .data                                    0x20000020   Section       40  pid.o(.data)
    out                                      0x20000038   Data           2  pid.o(.data)
    err                                      0x2000003a   Data           2  pid.o(.data)
    err_lowout                               0x2000003c   Data           2  pid.o(.data)
    err_lowout_last                          0x2000003e   Data           2  pid.o(.data)
    out                                      0x20000040   Data           2  pid.o(.data)
    err                                      0x20000042   Data           2  pid.o(.data)
    err_lowout                               0x20000044   Data           2  pid.o(.data)
    err_lowout_last                          0x20000046   Data           2  pid.o(.data)
    .data                                    0x20000048   Section       10  mytimer.o(.data)
    .data                                    0x20000054   Section       12  cjson.o(.data)
    ep                                       0x20000054   Data           4  cjson.o(.data)
    cJSON_malloc                             0x20000058   Data           4  cjson.o(.data)
    cJSON_free                               0x2000005c   Data           4  cjson.o(.data)
    .data                                    0x20000060   Section        4  esp8266.o(.data)
    .data                                    0x20000064   Section       14  onenet.o(.data)
    pkt_id                                   0x20000070   Data           2  onenet.o(.data)
    .data                                    0x20000074   Section       64  tasks.o(.data)
    pxDelayedTaskList                        0x20000078   Data           4  tasks.o(.data)
    pxOverflowDelayedTaskList                0x2000007c   Data           4  tasks.o(.data)
    uxDeletedTasksWaitingCleanUp             0x20000080   Data           4  tasks.o(.data)
    uxCurrentNumberOfTasks                   0x20000084   Data           4  tasks.o(.data)
    xTickCount                               0x20000088   Data           4  tasks.o(.data)
    uxTopReadyPriority                       0x2000008c   Data           4  tasks.o(.data)
    xSchedulerRunning                        0x20000090   Data           4  tasks.o(.data)
    xPendedTicks                             0x20000094   Data           4  tasks.o(.data)
    xYieldPending                            0x20000098   Data           4  tasks.o(.data)
    xNumOfOverflows                          0x2000009c   Data           4  tasks.o(.data)
    uxTaskNumber                             0x200000a0   Data           4  tasks.o(.data)
    xNextTaskUnblockTime                     0x200000a4   Data           4  tasks.o(.data)
    xIdleTaskHandle                          0x200000a8   Data           4  tasks.o(.data)
    uxSchedulerSuspended                     0x200000b0   Data           4  tasks.o(.data)
    .data                                    0x200000b4   Section       28  heap_4.o(.data)
    xStart                                   0x200000b4   Data           8  heap_4.o(.data)
    pxEnd                                    0x200000bc   Data           4  heap_4.o(.data)
    xFreeBytesRemaining                      0x200000c0   Data           4  heap_4.o(.data)
    xMinimumEverFreeBytesRemaining           0x200000c4   Data           4  heap_4.o(.data)
    xNumberOfSuccessfulAllocations           0x200000c8   Data           4  heap_4.o(.data)
    xNumberOfSuccessfulFrees                 0x200000cc   Data           4  heap_4.o(.data)
    .data                                    0x200000d0   Section        4  port.o(.data)
    uxCriticalNesting                        0x200000d0   Data           4  port.o(.data)
    .data                                    0x200000d4   Section        4  mvars.o(.data)
    .data                                    0x200000d8   Section        4  mvars.o(.data)
    .data                                    0x200000dc   Section        4  errno.o(.data)
    _errno                                   0x200000dc   Data           4  errno.o(.data)
    .bss                                     0x200000e0   Section       28  usart.o(.bss)
    .bss                                     0x200000fc   Section      256  esp8266.o(.bss)
    .bss                                     0x200001fc   Section      200  tasks.o(.bss)
    pxReadyTasksLists                        0x200001fc   Data         100  tasks.o(.bss)
    xDelayedTaskList1                        0x20000260   Data          20  tasks.o(.bss)
    xDelayedTaskList2                        0x20000274   Data          20  tasks.o(.bss)
    xPendingReadyList                        0x20000288   Data          20  tasks.o(.bss)
    xTasksWaitingTermination                 0x2000029c   Data          20  tasks.o(.bss)
    xSuspendedTaskList                       0x200002b0   Data          20  tasks.o(.bss)
    .bss                                     0x200002c4   Section    17408  heap_4.o(.bss)
    ucHeap                                   0x200002c4   Data       17408  heap_4.o(.bss)
    HEAP                                     0x200046c8   Section      512  startup_stm32f10x_hd.o(HEAP)
    STACK                                    0x200048c8   Section     1024  startup_stm32f10x_hd.o(STACK)

    Global Symbols

    Symbol Name                              Value     Ov Type        Size  Object(Section)

    BuildAttributes$$THM_ISAv4$P$D$K$B$S$PE$A:L22UL41UL21$X:L11$S22US41US21$IEEE1$IW$USESV6$~STKCKD$USESV7$~SHL$OTIME$ROPI$IEEEX$EBA8$MICROLIB$REQ8$PRES8$EABIv2 0x00000000   Number         0  anon$$obj.o ABSOLUTE
    __ARM_use_no_argv                        0x00000000   Number         0  main.o ABSOLUTE
    _printf_a                                0x00000000   Number         0  stubs.o ABSOLUTE
    _printf_c                                0x00000000   Number         0  stubs.o ABSOLUTE
    _printf_charcount                        0x00000000   Number         0  stubs.o ABSOLUTE
    _printf_d                                0x00000000   Number         0  stubs.o ABSOLUTE
    _printf_e                                0x00000000   Number         0  stubs.o ABSOLUTE
    _printf_f                                0x00000000   Number         0  stubs.o ABSOLUTE
    _printf_flags                            0x00000000   Number         0  stubs.o ABSOLUTE
    _printf_fp_dec                           0x00000000   Number         0  stubs.o ABSOLUTE
    _printf_fp_hex                           0x00000000   Number         0  stubs.o ABSOLUTE
    _printf_g                                0x00000000   Number         0  stubs.o ABSOLUTE
    _printf_i                                0x00000000   Number         0  stubs.o ABSOLUTE
    _printf_int_dec                          0x00000000   Number         0  stubs.o ABSOLUTE
    _printf_l                                0x00000000   Number         0  stubs.o ABSOLUTE
    _printf_lc                               0x00000000   Number         0  stubs.o ABSOLUTE
    _printf_ll                               0x00000000   Number         0  stubs.o ABSOLUTE
    _printf_lld                              0x00000000   Number         0  stubs.o ABSOLUTE
    _printf_lli                              0x00000000   Number         0  stubs.o ABSOLUTE
    _printf_llo                              0x00000000   Number         0  stubs.o ABSOLUTE
    _printf_llu                              0x00000000   Number         0  stubs.o ABSOLUTE
    _printf_llx                              0x00000000   Number         0  stubs.o ABSOLUTE
    _printf_longlong_dec                     0x00000000   Number         0  stubs.o ABSOLUTE
    _printf_longlong_hex                     0x00000000   Number         0  stubs.o ABSOLUTE
    _printf_longlong_oct                     0x00000000   Number         0  stubs.o ABSOLUTE
    _printf_ls                               0x00000000   Number         0  stubs.o ABSOLUTE
    _printf_mbtowc                           0x00000000   Number         0  stubs.o ABSOLUTE
    _printf_n                                0x00000000   Number         0  stubs.o ABSOLUTE
    _printf_o                                0x00000000   Number         0  stubs.o ABSOLUTE
    _printf_p                                0x00000000   Number         0  stubs.o ABSOLUTE
    _printf_percent                          0x00000000   Number         0  stubs.o ABSOLUTE
    _printf_pre_padding                      0x00000000   Number         0  stubs.o ABSOLUTE
    _printf_return_value                     0x00000000   Number         0  stubs.o ABSOLUTE
    _printf_s                                0x00000000   Number         0  stubs.o ABSOLUTE
    _printf_sizespec                         0x00000000   Number         0  stubs.o ABSOLUTE
    _printf_str                              0x00000000   Number         0  stubs.o ABSOLUTE
    _printf_truncate_signed                  0x00000000   Number         0  stubs.o ABSOLUTE
    _printf_truncate_unsigned                0x00000000   Number         0  stubs.o ABSOLUTE
    _printf_u                                0x00000000   Number         0  stubs.o ABSOLUTE
    _printf_wc                               0x00000000   Number         0  stubs.o ABSOLUTE
    _printf_wctomb                           0x00000000   Number         0  stubs.o ABSOLUTE
    _printf_widthprec                        0x00000000   Number         0  stubs.o ABSOLUTE
    _printf_x                                0x00000000   Number         0  stubs.o ABSOLUTE
    __arm_fini_                               - Undefined Weak Reference
    __cpp_initialize__aeabi_                  - Undefined Weak Reference
    __cxa_finalize                            - Undefined Weak Reference
    __decompress                              - Undefined Weak Reference
    _clock_init                               - Undefined Weak Reference
    _microlib_exit                            - Undefined Weak Reference
    __Vectors_Size                           0x00000130   Number         0  startup_stm32f10x_hd.o ABSOLUTE
    __Vectors                                0x08000000   Data           4  startup_stm32f10x_hd.o(RESET)
    __Vectors_End                            0x08000130   Data           0  startup_stm32f10x_hd.o(RESET)
    __main                                   0x08000131   Thumb Code     0  entry.o(.ARM.Collect$$$$00000000)
    _main_stk                                0x08000131   Thumb Code     0  entry2.o(.ARM.Collect$$$$00000001)
    _main_scatterload                        0x08000135   Thumb Code     0  entry5.o(.ARM.Collect$$$$00000004)
    __main_after_scatterload                 0x08000139   Thumb Code     0  entry5.o(.ARM.Collect$$$$00000004)
    _main_clock                              0x08000139   Thumb Code     0  entry7b.o(.ARM.Collect$$$$00000008)
    _main_cpp_init                           0x08000139   Thumb Code     0  entry8b.o(.ARM.Collect$$$$0000000A)
    _main_init                               0x08000139   Thumb Code     0  entry9a.o(.ARM.Collect$$$$0000000B)
    __rt_lib_shutdown_fini                   0x08000141   Thumb Code     0  entry12b.o(.ARM.Collect$$$$0000000E)
    __rt_final_cpp                           0x08000145   Thumb Code     0  entry10a.o(.ARM.Collect$$$$0000000F)
    __rt_final_exit                          0x08000145   Thumb Code     0  entry11a.o(.ARM.Collect$$$$00000011)
    SVC_Handler                              0x08000149   Thumb Code    32  port.o(.emb_text)
    __asm___6_port_c_39a90d8d__prvStartFirstTask 0x0800016d   Thumb Code    28  port.o(.emb_text)
    PendSV_Handler                           0x0800018d   Thumb Code    72  port.o(.emb_text)
    vPortGetIPSR                             0x080001d9   Thumb Code     6  port.o(.emb_text)
    Reset_Handler                            0x080001e1   Thumb Code     8  startup_stm32f10x_hd.o(.text)
    ADC1_2_IRQHandler                        0x080001fb   Thumb Code     0  startup_stm32f10x_hd.o(.text)
    ADC3_IRQHandler                          0x080001fb   Thumb Code     0  startup_stm32f10x_hd.o(.text)
    CAN1_RX1_IRQHandler                      0x080001fb   Thumb Code     0  startup_stm32f10x_hd.o(.text)
    CAN1_SCE_IRQHandler                      0x080001fb   Thumb Code     0  startup_stm32f10x_hd.o(.text)
    DMA1_Channel1_IRQHandler                 0x080001fb   Thumb Code     0  startup_stm32f10x_hd.o(.text)
    DMA1_Channel2_IRQHandler                 0x080001fb   Thumb Code     0  startup_stm32f10x_hd.o(.text)
    DMA1_Channel3_IRQHandler                 0x080001fb   Thumb Code     0  startup_stm32f10x_hd.o(.text)
    DMA1_Channel4_IRQHandler                 0x080001fb   Thumb Code     0  startup_stm32f10x_hd.o(.text)
    DMA1_Channel5_IRQHandler                 0x080001fb   Thumb Code     0  startup_stm32f10x_hd.o(.text)
    DMA1_Channel6_IRQHandler                 0x080001fb   Thumb Code     0  startup_stm32f10x_hd.o(.text)
    DMA1_Channel7_IRQHandler                 0x080001fb   Thumb Code     0  startup_stm32f10x_hd.o(.text)
    DMA2_Channel1_IRQHandler                 0x080001fb   Thumb Code     0  startup_stm32f10x_hd.o(.text)
    DMA2_Channel2_IRQHandler                 0x080001fb   Thumb Code     0  startup_stm32f10x_hd.o(.text)
    DMA2_Channel3_IRQHandler                 0x080001fb   Thumb Code     0  startup_stm32f10x_hd.o(.text)
    DMA2_Channel4_5_IRQHandler               0x080001fb   Thumb Code     0  startup_stm32f10x_hd.o(.text)
    EXTI0_IRQHandler                         0x080001fb   Thumb Code     0  startup_stm32f10x_hd.o(.text)
    EXTI15_10_IRQHandler                     0x080001fb   Thumb Code     0  startup_stm32f10x_hd.o(.text)
    EXTI1_IRQHandler                         0x080001fb   Thumb Code     0  startup_stm32f10x_hd.o(.text)
    EXTI2_IRQHandler                         0x080001fb   Thumb Code     0  startup_stm32f10x_hd.o(.text)
    EXTI3_IRQHandler                         0x080001fb   Thumb Code     0  startup_stm32f10x_hd.o(.text)
    EXTI4_IRQHandler                         0x080001fb   Thumb Code     0  startup_stm32f10x_hd.o(.text)
    EXTI9_5_IRQHandler                       0x080001fb   Thumb Code     0  startup_stm32f10x_hd.o(.text)
    FLASH_IRQHandler                         0x080001fb   Thumb Code     0  startup_stm32f10x_hd.o(.text)
    FSMC_IRQHandler                          0x080001fb   Thumb Code     0  startup_stm32f10x_hd.o(.text)
    I2C1_ER_IRQHandler                       0x080001fb   Thumb Code     0  startup_stm32f10x_hd.o(.text)
    I2C1_EV_IRQHandler                       0x080001fb   Thumb Code     0  startup_stm32f10x_hd.o(.text)
    I2C2_ER_IRQHandler                       0x080001fb   Thumb Code     0  startup_stm32f10x_hd.o(.text)
    I2C2_EV_IRQHandler                       0x080001fb   Thumb Code     0  startup_stm32f10x_hd.o(.text)
    PVD_IRQHandler                           0x080001fb   Thumb Code     0  startup_stm32f10x_hd.o(.text)
    RCC_IRQHandler                           0x080001fb   Thumb Code     0  startup_stm32f10x_hd.o(.text)
    RTCAlarm_IRQHandler                      0x080001fb   Thumb Code     0  startup_stm32f10x_hd.o(.text)
    RTC_IRQHandler                           0x080001fb   Thumb Code     0  startup_stm32f10x_hd.o(.text)
    SDIO_IRQHandler                          0x080001fb   Thumb Code     0  startup_stm32f10x_hd.o(.text)
    SPI1_IRQHandler                          0x080001fb   Thumb Code     0  startup_stm32f10x_hd.o(.text)
    SPI2_IRQHandler                          0x080001fb   Thumb Code     0  startup_stm32f10x_hd.o(.text)
    SPI3_IRQHandler                          0x080001fb   Thumb Code     0  startup_stm32f10x_hd.o(.text)
    TAMPER_IRQHandler                        0x080001fb   Thumb Code     0  startup_stm32f10x_hd.o(.text)
    TIM1_BRK_IRQHandler                      0x080001fb   Thumb Code     0  startup_stm32f10x_hd.o(.text)
    TIM1_CC_IRQHandler                       0x080001fb   Thumb Code     0  startup_stm32f10x_hd.o(.text)
    TIM1_TRG_COM_IRQHandler                  0x080001fb   Thumb Code     0  startup_stm32f10x_hd.o(.text)
    TIM1_UP_IRQHandler                       0x080001fb   Thumb Code     0  startup_stm32f10x_hd.o(.text)
    TIM2_IRQHandler                          0x080001fb   Thumb Code     0  startup_stm32f10x_hd.o(.text)
    TIM3_IRQHandler                          0x080001fb   Thumb Code     0  startup_stm32f10x_hd.o(.text)
    TIM4_IRQHandler                          0x080001fb   Thumb Code     0  startup_stm32f10x_hd.o(.text)
    TIM6_IRQHandler                          0x080001fb   Thumb Code     0  startup_stm32f10x_hd.o(.text)
    TIM7_IRQHandler                          0x080001fb   Thumb Code     0  startup_stm32f10x_hd.o(.text)
    TIM8_BRK_IRQHandler                      0x080001fb   Thumb Code     0  startup_stm32f10x_hd.o(.text)
    TIM8_CC_IRQHandler                       0x080001fb   Thumb Code     0  startup_stm32f10x_hd.o(.text)
    TIM8_TRG_COM_IRQHandler                  0x080001fb   Thumb Code     0  startup_stm32f10x_hd.o(.text)
    TIM8_UP_IRQHandler                       0x080001fb   Thumb Code     0  startup_stm32f10x_hd.o(.text)
    UART4_IRQHandler                         0x080001fb   Thumb Code     0  startup_stm32f10x_hd.o(.text)
    USART1_IRQHandler                        0x080001fb   Thumb Code     0  startup_stm32f10x_hd.o(.text)
    USART2_IRQHandler                        0x080001fb   Thumb Code     0  startup_stm32f10x_hd.o(.text)
    USBWakeUp_IRQHandler                     0x080001fb   Thumb Code     0  startup_stm32f10x_hd.o(.text)
    USB_HP_CAN1_TX_IRQHandler                0x080001fb   Thumb Code     0  startup_stm32f10x_hd.o(.text)
    USB_LP_CAN1_RX0_IRQHandler               0x080001fb   Thumb Code     0  startup_stm32f10x_hd.o(.text)
    WWDG_IRQHandler                          0x080001fb   Thumb Code     0  startup_stm32f10x_hd.o(.text)
    tolower                                  0x08000205   Thumb Code    12  tolower.o(.text)
    __aeabi_memcpy                           0x08000211   Thumb Code    36  memcpya.o(.text)
    __aeabi_memcpy4                          0x08000211   Thumb Code     0  memcpya.o(.text)
    __aeabi_memcpy8                          0x08000211   Thumb Code     0  memcpya.o(.text)
    __aeabi_memset                           0x08000235   Thumb Code    14  memseta.o(.text)
    __aeabi_memset4                          0x08000235   Thumb Code     0  memseta.o(.text)
    __aeabi_memset8                          0x08000235   Thumb Code     0  memseta.o(.text)
    __aeabi_memclr                           0x08000243   Thumb Code     4  memseta.o(.text)
    __aeabi_memclr4                          0x08000243   Thumb Code     0  memseta.o(.text)
    __aeabi_memclr8                          0x08000243   Thumb Code     0  memseta.o(.text)
    _memset$wrapper                          0x08000247   Thumb Code    18  memseta.o(.text)
    strstr                                   0x08000259   Thumb Code    36  strstr.o(.text)
    strchr                                   0x0800027d   Thumb Code    20  strchr.o(.text)
    strlen                                   0x08000291   Thumb Code    14  strlen.o(.text)
    strncat                                  0x0800029f   Thumb Code    40  strncat.o(.text)
    strncmp                                  0x080002c7   Thumb Code    30  strncmp.o(.text)
    atoi                                     0x080002e5   Thumb Code    26  atoi.o(.text)
    __aeabi_fadd                             0x080002ff   Thumb Code   164  fadd.o(.text)
    __aeabi_fsub                             0x080003a3   Thumb Code     6  fadd.o(.text)
    __aeabi_frsub                            0x080003a9   Thumb Code     6  fadd.o(.text)
    __aeabi_fmul                             0x080003af   Thumb Code   100  fmul.o(.text)
    __aeabi_dadd                             0x08000413   Thumb Code   322  dadd.o(.text)
    __aeabi_dsub                             0x08000555   Thumb Code     6  dadd.o(.text)
    __aeabi_drsub                            0x0800055b   Thumb Code     6  dadd.o(.text)
    __aeabi_dmul                             0x08000561   Thumb Code   228  dmul.o(.text)
    __aeabi_i2f                              0x08000645   Thumb Code    18  fflti.o(.text)
    __aeabi_i2d                              0x08000657   Thumb Code    34  dflti.o(.text)
    __aeabi_f2iz                             0x08000679   Thumb Code    50  ffixi.o(.text)
    __aeabi_d2iz                             0x080006ab   Thumb Code    62  dfixi.o(.text)
    __aeabi_cdrcmple                         0x080006e9   Thumb Code    48  cdrcmple.o(.text)
    __aeabi_uidiv                            0x08000719   Thumb Code     0  uidiv.o(.text)
    __aeabi_uidivmod                         0x08000719   Thumb Code    44  uidiv.o(.text)
    __aeabi_uldivmod                         0x08000745   Thumb Code    98  uldiv.o(.text)
    __aeabi_llsl                             0x080007a7   Thumb Code    30  llshl.o(.text)
    _ll_shift_l                              0x080007a7   Thumb Code     0  llshl.o(.text)
    __aeabi_llsr                             0x080007c5   Thumb Code    32  llushr.o(.text)
    _ll_ushift_r                             0x080007c5   Thumb Code     0  llushr.o(.text)
    __aeabi_lasr                             0x080007e5   Thumb Code    36  llsshr.o(.text)
    _ll_sshift_r                             0x080007e5   Thumb Code     0  llsshr.o(.text)
    strtol                                   0x08000809   Thumb Code   112  strtol.o(.text)
    __I$use$fp                               0x08000879   Thumb Code     0  iusefp.o(.text)
    _float_round                             0x08000879   Thumb Code    18  fepilogue.o(.text)
    _float_epilogue                          0x0800088b   Thumb Code    92  fepilogue.o(.text)
    _double_round                            0x080008e7   Thumb Code    30  depilogue.o(.text)
    _double_epilogue                         0x08000905   Thumb Code   156  depilogue.o(.text)
    __aeabi_ddiv                             0x080009a1   Thumb Code   222  ddiv.o(.text)
    __ARM_scalbn                             0x08000a7f   Thumb Code    46  dscalb.o(.text)
    scalbn                                   0x08000a7f   Thumb Code     0  dscalb.o(.text)
    __aeabi_d2ulz                            0x08000aad   Thumb Code    48  dfixul.o(.text)
    __scatterload                            0x08000add   Thumb Code    28  init.o(.text)
    __scatterload_rt2                        0x08000add   Thumb Code     0  init.o(.text)
    __rt_ctype_table                         0x08000b01   Thumb Code     4  ctype_o.o(.text)
    _strtoul                                 0x08000b09   Thumb Code   158  _strtoul.o(.text)
    _dsqrt                                   0x08000ba7   Thumb Code   162  dsqrt.o(.text)
    _chval                                   0x08000c49   Thumb Code    28  _chval.o(.text)
    Axis_PID                                 0x08000c65   Thumb Code   228  pid.o(i.Axis_PID)
    BusFault_Handler                         0x08000d71   Thumb Code     4  stm32f10x_it.o(i.BusFault_Handler)
    Create_Task                              0x08000d75   Thumb Code   126  mytask.o(i.Create_Task)
    DebugMon_Handler                         0x08000e19   Thumb Code     2  stm32f10x_it.o(i.DebugMon_Handler)
    ESP8266_Clear                            0x08000e1d   Thumb Code    20  esp8266.o(i.ESP8266_Clear)
    ESP8266_GetIPD                           0x08000e39   Thumb Code    66  esp8266.o(i.ESP8266_GetIPD)
    ESP8266_Init                             0x08000e89   Thumb Code   220  esp8266.o(i.ESP8266_Init)
    ESP8266_SendCmd                          0x08001055   Thumb Code    76  esp8266.o(i.ESP8266_SendCmd)
    ESP8266_SendData                         0x080010a9   Thumb Code    46  esp8266.o(i.ESP8266_SendData)
    ESP8266_WaitRecive                       0x080010f1   Thumb Code    42  esp8266.o(i.ESP8266_WaitRecive)
    Encoder1_Init                            0x08001125   Thumb Code   180  encoder.o(i.Encoder1_Init)
    Encoder2_Init                            0x080011dd   Thumb Code   176  encoder.o(i.Encoder2_Init)
    Esp_Task                                 0x08001295   Thumb Code    78  mytask.o(i.Esp_Task)
    GFP_abs                                  0x080012f5   Thumb Code    16  pid.o(i.GFP_abs)
    GPIO_Init                                0x08001305   Thumb Code   278  stm32f10x_gpio.o(i.GPIO_Init)
    GPIO_PinRemapConfig                      0x0800141d   Thumb Code   138  stm32f10x_gpio.o(i.GPIO_PinRemapConfig)
    GPIO_ResetBits                           0x080014ad   Thumb Code     4  stm32f10x_gpio.o(i.GPIO_ResetBits)
    GPIO_SetBits                             0x080014b1   Thumb Code     4  stm32f10x_gpio.o(i.GPIO_SetBits)
    HardFault_Handler                        0x080014b5   Thumb Code     4  stm32f10x_it.o(i.HardFault_Handler)
    I2C_CheckEvent                           0x080014b9   Thumb Code    42  stm32f10x_i2c.o(i.I2C_CheckEvent)
    I2C_Cmd                                  0x080014e3   Thumb Code    24  stm32f10x_i2c.o(i.I2C_Cmd)
    I2C_GenerateSTART                        0x080014fb   Thumb Code    24  stm32f10x_i2c.o(i.I2C_GenerateSTART)
    I2C_GenerateSTOP                         0x08001513   Thumb Code    24  stm32f10x_i2c.o(i.I2C_GenerateSTOP)
    I2C_Init                                 0x0800152d   Thumb Code   222  stm32f10x_i2c.o(i.I2C_Init)
    I2C_Send7bitAddress                      0x08001619   Thumb Code    18  stm32f10x_i2c.o(i.I2C_Send7bitAddress)
    I2C_SendData                             0x0800162b   Thumb Code     4  stm32f10x_i2c.o(i.I2C_SendData)
    Limit                                    0x0800162f   Thumb Code    52  pid.o(i.Limit)
    MQTT_DeleteBuffer                        0x08001663   Thumb Code    28  mqttkit.o(i.MQTT_DeleteBuffer)
    MQTT_DumpLength                          0x0800167f   Thumb Code    46  mqttkit.o(i.MQTT_DumpLength)
    MQTT_NewBuffer                           0x080016ad   Thumb Code    88  mqttkit.o(i.MQTT_NewBuffer)
    MQTT_PacketConnect                       0x08001705   Thumb Code   666  mqttkit.o(i.MQTT_PacketConnect)
    MQTT_PacketPublish                       0x080019a5   Thumb Code   440  mqttkit.o(i.MQTT_PacketPublish)
    MQTT_PacketPublishComp                   0x08001b5d   Thumb Code    72  mqttkit.o(i.MQTT_PacketPublishComp)
    MQTT_PacketPublishRel                    0x08001ba5   Thumb Code    72  mqttkit.o(i.MQTT_PacketPublishRel)
    MQTT_PacketSubscribe                     0x08001bed   Thumb Code   254  mqttkit.o(i.MQTT_PacketSubscribe)
    MQTT_ReadLength                          0x08001ceb   Thumb Code    70  mqttkit.o(i.MQTT_ReadLength)
    MQTT_UnPacketCmd                         0x08001d31   Thumb Code   140  mqttkit.o(i.MQTT_UnPacketCmd)
    MQTT_UnPacketConnectAck                  0x08001dbd   Thumb Code    30  mqttkit.o(i.MQTT_UnPacketConnectAck)
    MQTT_UnPacketPublish                     0x08001ddd   Thumb Code   438  mqttkit.o(i.MQTT_UnPacketPublish)
    MQTT_UnPacketPublishAck                  0x08001f9d   Thumb Code    30  mqttkit.o(i.MQTT_UnPacketPublishAck)
    MQTT_UnPacketPublishComp                 0x08001fbb   Thumb Code    30  mqttkit.o(i.MQTT_UnPacketPublishComp)
    MQTT_UnPacketPublishRec                  0x08001fd9   Thumb Code    30  mqttkit.o(i.MQTT_UnPacketPublishRec)
    MQTT_UnPacketPublishRel                  0x08001ff7   Thumb Code    36  mqttkit.o(i.MQTT_UnPacketPublishRel)
    MQTT_UnPacketRecv                        0x0800201d   Thumb Code   106  mqttkit.o(i.MQTT_UnPacketRecv)
    MQTT_UnPacketSubscribe                   0x08002091   Thumb Code    52  mqttkit.o(i.MQTT_UnPacketSubscribe)
    MQTT_UnPacketUnSubscribe                 0x080020c5   Thumb Code    18  mqttkit.o(i.MQTT_UnPacketUnSubscribe)
    MemManage_Handler                        0x080020d7   Thumb Code     4  stm32f10x_it.o(i.MemManage_Handler)
    Motor_Init                               0x080020dd   Thumb Code    46  motor.o(i.Motor_Init)
    NMI_Handler                              0x08002111   Thumb Code     2  stm32f10x_it.o(i.NMI_Handler)
    NVIC_Init                                0x08002115   Thumb Code   100  misc.o(i.NVIC_Init)
    NVIC_PriorityGroupConfig                 0x08002185   Thumb Code    10  misc.o(i.NVIC_PriorityGroupConfig)
    OLED_Clear                               0x08002199   Thumb Code    42  oled.o(i.OLED_Clear)
    OLED_I2C_Init                            0x080021c5   Thumb Code   106  oled.o(i.OLED_I2C_Init)
    OLED_Init                                0x08002239   Thumb Code   174  oled.o(i.OLED_Init)
    OLED_SetCursor                           0x080022e7   Thumb Code    34  oled.o(i.OLED_SetCursor)
    OLED_ShowChar                            0x08002309   Thumb Code   110  oled.o(i.OLED_ShowChar)
    OLED_ShowString                          0x0800237d   Thumb Code    40  oled.o(i.OLED_ShowString)
    OLED_WaitEvent                           0x080023a5   Thumb Code    34  oled.o(i.OLED_WaitEvent)
    OLED_WriteCommand                        0x080023c9   Thumb Code    84  oled.o(i.OLED_WriteCommand)
    OLED_WriteData                           0x08002429   Thumb Code    84  oled.o(i.OLED_WriteData)
    OneNet_DevLink                           0x08002489   Thumb Code   206  onenet.o(i.OneNet_DevLink)
    OneNet_Publish                           0x08002689   Thumb Code    74  onenet.o(i.OneNet_Publish)
    OneNet_RevPro                            0x080026d5   Thumb Code   572  onenet.o(i.OneNet_RevPro)
    OneNet_Subscribe                         0x08002a81   Thumb Code    80  onenet.o(i.OneNet_Subscribe)
    OpenMv_Data_Receive                      0x08002aed   Thumb Code    36  usart.o(i.OpenMv_Data_Receive)
    Pwm_Out                                  0x08002b11   Thumb Code   140  pwm.o(i.Pwm_Out)
    Pwm_Tim1_Init                            0x08002ba5   Thumb Code   212  pwm.o(i.Pwm_Tim1_Init)
    RCC_APB1PeriphClockCmd                   0x08002c81   Thumb Code    26  stm32f10x_rcc.o(i.RCC_APB1PeriphClockCmd)
    RCC_APB2PeriphClockCmd                   0x08002ca1   Thumb Code    26  stm32f10x_rcc.o(i.RCC_APB2PeriphClockCmd)
    RCC_GetClocksFreq                        0x08002cc1   Thumb Code   192  stm32f10x_rcc.o(i.RCC_GetClocksFreq)
    Read_Encoder                             0x08002d95   Thumb Code    66  encoder.o(i.Read_Encoder)
    Servos_Init                              0x08002ddd   Thumb Code   158  servos.o(i.Servos_Init)
    Servos_Pwm                               0x08002e85   Thumb Code    22  servos.o(i.Servos_Pwm)
    Speed_PID                                0x08002f89   Thumb Code   228  pid.o(i.Speed_PID)
    SysTick_Handler                          0x08003095   Thumb Code    46  port.o(i.SysTick_Handler)
    SystemInit                               0x080030c9   Thumb Code    78  system_stm32f10x.o(i.SystemInit)
    TIM5_IRQHandler                          0x08003369   Thumb Code   154  mytimer.o(i.TIM5_IRQHandler)
    TIM_ARRPreloadConfig                     0x0800342d   Thumb Code    24  stm32f10x_tim.o(i.TIM_ARRPreloadConfig)
    TIM_ClearFlag                            0x08003445   Thumb Code     6  stm32f10x_tim.o(i.TIM_ClearFlag)
    TIM_ClearITPendingBit                    0x0800344b   Thumb Code     6  stm32f10x_tim.o(i.TIM_ClearITPendingBit)
    TIM_Cmd                                  0x08003451   Thumb Code    24  stm32f10x_tim.o(i.TIM_Cmd)
    TIM_CtrlPWMOutputs                       0x08003469   Thumb Code    30  stm32f10x_tim.o(i.TIM_CtrlPWMOutputs)
    TIM_EncoderInterfaceConfig               0x08003487   Thumb Code    66  stm32f10x_tim.o(i.TIM_EncoderInterfaceConfig)
    TIM_GetCounter                           0x080034c9   Thumb Code     6  stm32f10x_tim.o(i.TIM_GetCounter)
    TIM_GetITStatus                          0x080034cf   Thumb Code    34  stm32f10x_tim.o(i.TIM_GetITStatus)
    TIM_ICInit                               0x080034f1   Thumb Code   150  stm32f10x_tim.o(i.TIM_ICInit)
    TIM_ICStructInit                         0x0800359d   Thumb Code    18  stm32f10x_tim.o(i.TIM_ICStructInit)
    TIM_ITConfig                             0x080035af   Thumb Code    18  stm32f10x_tim.o(i.TIM_ITConfig)
    TIM_InternalClockConfig                  0x080035c1   Thumb Code    12  stm32f10x_tim.o(i.TIM_InternalClockConfig)
    TIM_OC1Init                              0x080035cd   Thumb Code   132  stm32f10x_tim.o(i.TIM_OC1Init)
    TIM_OC1PreloadConfig                     0x08003665   Thumb Code    18  stm32f10x_tim.o(i.TIM_OC1PreloadConfig)
    TIM_OC2Init                              0x08003679   Thumb Code   154  stm32f10x_tim.o(i.TIM_OC2Init)
    TIM_OC2PreloadConfig                     0x0800371d   Thumb Code    26  stm32f10x_tim.o(i.TIM_OC2PreloadConfig)
    TIM_OCStructInit                         0x08003737   Thumb Code    20  stm32f10x_tim.o(i.TIM_OCStructInit)
    TIM_SetCounter                           0x0800374b   Thumb Code     4  stm32f10x_tim.o(i.TIM_SetCounter)
    TIM_SetIC1Prescaler                      0x0800374f   Thumb Code    18  stm32f10x_tim.o(i.TIM_SetIC1Prescaler)
    TIM_SetIC2Prescaler                      0x08003761   Thumb Code    26  stm32f10x_tim.o(i.TIM_SetIC2Prescaler)
    TIM_SetIC3Prescaler                      0x0800377b   Thumb Code    18  stm32f10x_tim.o(i.TIM_SetIC3Prescaler)
    TIM_SetIC4Prescaler                      0x0800378d   Thumb Code    26  stm32f10x_tim.o(i.TIM_SetIC4Prescaler)
    TIM_TimeBaseInit                         0x080037a9   Thumb Code   122  stm32f10x_tim.o(i.TIM_TimeBaseInit)
    TIM_TimeBaseStructInit                   0x0800384d   Thumb Code    18  stm32f10x_tim.o(i.TIM_TimeBaseStructInit)
    Timer_Init                               0x08003861   Thumb Code   112  mytimer.o(i.Timer_Init)
    UART4_Init                               0x080038d5   Thumb Code   168  usart.o(i.UART4_Init)
    UART5_IRQHandler                         0x08003985   Thumb Code   138  usart.o(i.UART5_IRQHandler)
    UART5_Init                               0x08003a21   Thumb Code   166  usart.o(i.UART5_Init)
    USART3_IRQHandler                        0x08003ad5   Thumb Code    62  esp8266.o(i.USART3_IRQHandler)
    USART3_Init                              0x08003b21   Thumb Code   168  usart.o(i.USART3_Init)
    USART_ClearFlag                          0x08003bd1   Thumb Code    18  stm32f10x_usart.o(i.USART_ClearFlag)
    USART_Cmd                                0x08003be3   Thumb Code    24  stm32f10x_usart.o(i.USART_Cmd)
    USART_GetFlagStatus                      0x08003bfb   Thumb Code    26  stm32f10x_usart.o(i.USART_GetFlagStatus)
    USART_GetITStatus                        0x08003c15   Thumb Code    84  stm32f10x_usart.o(i.USART_GetITStatus)
    USART_ITConfig                           0x08003c69   Thumb Code    74  stm32f10x_usart.o(i.USART_ITConfig)
    USART_Init                               0x08003cb5   Thumb Code   210  stm32f10x_usart.o(i.USART_Init)
    USART_ReceiveData                        0x08003d8d   Thumb Code    10  stm32f10x_usart.o(i.USART_ReceiveData)
    USART_SendData                           0x08003d97   Thumb Code     8  stm32f10x_usart.o(i.USART_SendData)
    UsageFault_Handler                       0x08003d9f   Thumb Code     4  stm32f10x_it.o(i.UsageFault_Handler)
    UsartPrintf                              0x08003da3   Thumb Code    72  usart.o(i.UsartPrintf)
    Usart_SendString                         0x08003deb   Thumb Code    50  usart.o(i.Usart_SendString)
    __0sprintf                               0x08003e1d   Thumb Code    34  printfa.o(i.__0sprintf)
    __1sprintf                               0x08003e1d   Thumb Code     0  printfa.o(i.__0sprintf)
    __2sprintf                               0x08003e1d   Thumb Code     0  printfa.o(i.__0sprintf)
    __c89sprintf                             0x08003e1d   Thumb Code     0  printfa.o(i.__0sprintf)
    sprintf                                  0x08003e1d   Thumb Code     0  printfa.o(i.__0sprintf)
    __0vsnprintf                             0x08003e45   Thumb Code    46  printfa.o(i.__0vsnprintf)
    __1vsnprintf                             0x08003e45   Thumb Code     0  printfa.o(i.__0vsnprintf)
    __2vsnprintf                             0x08003e45   Thumb Code     0  printfa.o(i.__0vsnprintf)
    __c89vsnprintf                           0x08003e45   Thumb Code     0  printfa.o(i.__0vsnprintf)
    vsnprintf                                0x08003e45   Thumb Code     0  printfa.o(i.__0vsnprintf)
    __ARM_fpclassify                         0x08003e79   Thumb Code    40  fpclassify.o(i.__ARM_fpclassify)
    __aeabi_errno_addr                       0x08003ea1   Thumb Code     4  errno.o(i.__aeabi_errno_addr)
    __rt_errno_addr                          0x08003ea1   Thumb Code     0  errno.o(i.__aeabi_errno_addr)
    __kernel_poly                            0x08003ea9   Thumb Code   170  poly.o(i.__kernel_poly)
    __mathlib_dbl_divzero                    0x08003f55   Thumb Code    12  dunder.o(i.__mathlib_dbl_divzero)
    __mathlib_dbl_infnan2                    0x08003f65   Thumb Code     4  dunder.o(i.__mathlib_dbl_infnan2)
    __mathlib_dbl_invalid                    0x08003f69   Thumb Code    12  dunder.o(i.__mathlib_dbl_invalid)
    __mathlib_dbl_overflow                   0x08003f75   Thumb Code    14  dunder.o(i.__mathlib_dbl_overflow)
    __mathlib_dbl_underflow                  0x08003f85   Thumb Code    10  dunder.o(i.__mathlib_dbl_underflow)
    __scatterload_copy                       0x08003f95   Thumb Code    14  handlers.o(i.__scatterload_copy)
    __scatterload_null                       0x08003fa3   Thumb Code     2  handlers.o(i.__scatterload_null)
    __scatterload_zeroinit                   0x08003fa5   Thumb Code    14  handlers.o(i.__scatterload_zeroinit)
    __set_errno                              0x08003fb5   Thumb Code     6  errno.o(i.__set_errno)
    cJSON_Delete                             0x0800486d   Thumb Code    82  cjson.o(i.cJSON_Delete)
    cJSON_GetObjectItem                      0x080048c5   Thumb Code    30  cjson.o(i.cJSON_GetObjectItem)
    cJSON_Parse                              0x08004905   Thumb Code    16  cjson.o(i.cJSON_Parse)
    cJSON_ParseWithOpts                      0x08004915   Thumb Code    96  cjson.o(i.cJSON_ParseWithOpts)
    delay_Init                               0x080049c5   Thumb Code    44  delay.o(i.delay_Init)
    delay_ms                                 0x080049f5   Thumb Code    24  delay.o(i.delay_ms)
    delay_us                                 0x08004a0d   Thumb Code    42  delay.o(i.delay_us)
    free                                     0x08004a3d   Thumb Code    76  malloc.o(i.free)
    main                                     0x08004a8d   Thumb Code    38  main.o(i.main)
    malloc                                   0x08004ac5   Thumb Code    92  malloc.o(i.malloc)
    pow                                      0x08005249   Thumb Code  2512  pow.o(i.pow)
    pvPortMalloc                             0x0800604d   Thumb Code   208  heap_4.o(i.pvPortMalloc)
    pxPortInitialiseStack                    0x08006131   Thumb Code    30  port.o(i.pxPortInitialiseStack)
    sqrt                                     0x08006167   Thumb Code    76  sqrt.o(i.sqrt)
    uxListRemove                             0x080061b3   Thumb Code    40  list.o(i.uxListRemove)
    vListInitialise                          0x080061db   Thumb Code    26  list.o(i.vListInitialise)
    vListInitialiseItem                      0x080061f5   Thumb Code     6  list.o(i.vListInitialiseItem)
    vListInsert                              0x080061fb   Thumb Code    52  list.o(i.vListInsert)
    vListInsertEnd                           0x0800622f   Thumb Code    24  list.o(i.vListInsertEnd)
    vPortEnterCritical                       0x08006249   Thumb Code    30  port.o(i.vPortEnterCritical)
    vPortExitCritical                        0x0800626d   Thumb Code    28  port.o(i.vPortExitCritical)
    vPortFree                                0x0800628d   Thumb Code    68  heap_4.o(i.vPortFree)
    vPortSetupTimerInterrupt                 0x080062d9   Thumb Code    20  port.o(i.vPortSetupTimerInterrupt)
    vTaskDelay                               0x080062f1   Thumb Code    46  tasks.o(i.vTaskDelay)
    vTaskDelete                              0x08006325   Thumb Code   174  tasks.o(i.vTaskDelete)
    vTaskStartScheduler                      0x080063f9   Thumb Code    76  tasks.o(i.vTaskStartScheduler)
    vTaskSuspendAll                          0x08006465   Thumb Code    12  tasks.o(i.vTaskSuspendAll)
    vTaskSwitchContext                       0x08006475   Thumb Code    76  tasks.o(i.vTaskSwitchContext)
    xPortStartScheduler                      0x080064d5   Thumb Code    42  port.o(i.xPortStartScheduler)
    xTaskCreate                              0x08006509   Thumb Code   104  tasks.o(i.xTaskCreate)
    xTaskIncrementTick                       0x08006571   Thumb Code   356  tasks.o(i.xTaskIncrementTick)
    xTaskResumeAll                           0x08006701   Thumb Code   310  tasks.o(i.xTaskResumeAll)
    OLED_F8x16                               0x08006860   Data        1520  oled.o(.constdata)
    __mathlib_zero                           0x08006ee0   Data           8  qnan.o(.constdata)
    __ctype_table                            0x08006ee8   Data         129  ctype_o.o(.constdata)
    Region$$Table$$Base                      0x08006f7c   Number         0  anon$$obj.o(Region$$Table)
    Region$$Table$$Limit                     0x08006f9c   Number         0  anon$$obj.o(Region$$Table)
    OpenMv_x                                 0x20000014   Data           4  usart.o(.data)
    Esp_Handle                               0x2000001c   Data           4  mytask.o(.data)
    speed_Kp                                 0x20000020   Data           4  pid.o(.data)
    speed_Ki                                 0x20000024   Data           4  pid.o(.data)
    axis_Kp                                  0x20000028   Data           4  pid.o(.data)
    axis_Ki                                  0x2000002c   Data           4  pid.o(.data)
    err_sum                                  0x20000030   Data           4  pid.o(.data)
    Servos_err_sum                           0x20000034   Data           4  pid.o(.data)
    Encoder_Count                            0x20000048   Data           2  mytimer.o(.data)
    motor                                    0x2000004a   Data           2  mytimer.o(.data)
    Expect_Speed                             0x2000004c   Data           2  mytimer.o(.data)
    stop_flag                                0x2000004e   Data           1  mytimer.o(.data)
    servos_pwm                               0x20000050   Data           2  mytimer.o(.data)
    esp8266_cnt                              0x20000060   Data           2  esp8266.o(.data)
    esp8266_cntPre                           0x20000062   Data           2  esp8266.o(.data)
    Stop_Value                               0x20000064   Data           4  onenet.o(.data)
    Speedadd_Value                           0x20000068   Data           4  onenet.o(.data)
    Speedsubtract_Value                      0x2000006c   Data           4  onenet.o(.data)
    pxCurrentTCB                             0x20000074   Data           4  tasks.o(.data)
    uxTopUsedPriority                        0x200000ac   Data           4  tasks.o(.data)
    __microlib_freelist                      0x200000d4   Data           4  mvars.o(.data)
    __microlib_freelist_initialised          0x200000d8   Data           4  mvars.o(.data)
    OpenMv_Data                              0x200000e0   Data          28  usart.o(.bss)
    esp8266_buf                              0x200000fc   Data         256  esp8266.o(.bss)
    __heap_base                              0x200046c8   Data           0  startup_stm32f10x_hd.o(HEAP)
    __heap_limit                             0x200048c8   Data           0  startup_stm32f10x_hd.o(HEAP)
    __initial_sp                             0x20004cc8   Data           0  startup_stm32f10x_hd.o(STACK)



==============================================================================

Memory Map of the image

  Image Entry point : 0x08000131

  Load Region LR_IROM1 (Base: 0x08000000, Size: 0x0000707c, Max: 0x00080000, ABSOLUTE)

    Execution Region ER_IROM1 (Exec base: 0x08000000, Load base: 0x08000000, Size: 0x00006f9c, Max: 0x00080000, ABSOLUTE)

    Exec Addr    Load Addr    Size         Type   Attr      Idx    E Section Name        Object

    0x08000000   0x08000000   0x00000130   Data   RO          132    RESET               startup_stm32f10x_hd.o
    0x08000130   0x08000130   0x00000000   Code   RO         5367  * .ARM.Collect$$$$00000000  mc_w.l(entry.o)
    0x08000130   0x08000130   0x00000004   Code   RO         5734    .ARM.Collect$$$$00000001  mc_w.l(entry2.o)
    0x08000134   0x08000134   0x00000004   Code   RO         5737    .ARM.Collect$$$$00000004  mc_w.l(entry5.o)
    0x08000138   0x08000138   0x00000000   Code   RO         5739    .ARM.Collect$$$$00000008  mc_w.l(entry7b.o)
    0x08000138   0x08000138   0x00000000   Code   RO         5741    .ARM.Collect$$$$0000000A  mc_w.l(entry8b.o)
    0x08000138   0x08000138   0x00000008   Code   RO         5742    .ARM.Collect$$$$0000000B  mc_w.l(entry9a.o)
    0x08000140   0x08000140   0x00000004   Code   RO         5749    .ARM.Collect$$$$0000000E  mc_w.l(entry12b.o)
    0x08000144   0x08000144   0x00000000   Code   RO         5744    .ARM.Collect$$$$0000000F  mc_w.l(entry10a.o)
    0x08000144   0x08000144   0x00000000   Code   RO         5746    .ARM.Collect$$$$00000011  mc_w.l(entry11a.o)
    0x08000144   0x08000144   0x00000004   Code   RO         5735    .ARM.Collect$$$$00002712  mc_w.l(entry2.o)
    0x08000148   0x08000148   0x00000096   Code   RO         5282    .emb_text           port.o
    0x080001de   0x080001de   0x00000002   PAD
    0x080001e0   0x080001e0   0x00000024   Code   RO          133    .text               startup_stm32f10x_hd.o
    0x08000204   0x08000204   0x0000000c   Code   RO         5370    .text               mc_w.l(tolower.o)
    0x08000210   0x08000210   0x00000024   Code   RO         5372    .text               mc_w.l(memcpya.o)
    0x08000234   0x08000234   0x00000024   Code   RO         5374    .text               mc_w.l(memseta.o)
    0x08000258   0x08000258   0x00000024   Code   RO         5376    .text               mc_w.l(strstr.o)
    0x0800027c   0x0800027c   0x00000014   Code   RO         5378    .text               mc_w.l(strchr.o)
    0x08000290   0x08000290   0x0000000e   Code   RO         5380    .text               mc_w.l(strlen.o)
    0x0800029e   0x0800029e   0x00000028   Code   RO         5382    .text               mc_w.l(strncat.o)
    0x080002c6   0x080002c6   0x0000001e   Code   RO         5386    .text               mc_w.l(strncmp.o)
    0x080002e4   0x080002e4   0x0000001a   Code   RO         5679    .text               mc_w.l(atoi.o)
    0x080002fe   0x080002fe   0x000000b0   Code   RO         5681    .text               mf_w.l(fadd.o)
    0x080003ae   0x080003ae   0x00000064   Code   RO         5683    .text               mf_w.l(fmul.o)
    0x08000412   0x08000412   0x0000014e   Code   RO         5687    .text               mf_w.l(dadd.o)
    0x08000560   0x08000560   0x000000e4   Code   RO         5689    .text               mf_w.l(dmul.o)
    0x08000644   0x08000644   0x00000012   Code   RO         5691    .text               mf_w.l(fflti.o)
    0x08000656   0x08000656   0x00000022   Code   RO         5693    .text               mf_w.l(dflti.o)
    0x08000678   0x08000678   0x00000032   Code   RO         5695    .text               mf_w.l(ffixi.o)
    0x080006aa   0x080006aa   0x0000003e   Code   RO         5699    .text               mf_w.l(dfixi.o)
    0x080006e8   0x080006e8   0x00000030   Code   RO         5705    .text               mf_w.l(cdrcmple.o)
    0x08000718   0x08000718   0x0000002c   Code   RO         5753    .text               mc_w.l(uidiv.o)
    0x08000744   0x08000744   0x00000062   Code   RO         5755    .text               mc_w.l(uldiv.o)
    0x080007a6   0x080007a6   0x0000001e   Code   RO         5757    .text               mc_w.l(llshl.o)
    0x080007c4   0x080007c4   0x00000020   Code   RO         5759    .text               mc_w.l(llushr.o)
    0x080007e4   0x080007e4   0x00000024   Code   RO         5761    .text               mc_w.l(llsshr.o)
    0x08000808   0x08000808   0x00000070   Code   RO         5772    .text               mc_w.l(strtol.o)
    0x08000878   0x08000878   0x00000000   Code   RO         5774    .text               mc_w.l(iusefp.o)
    0x08000878   0x08000878   0x0000006e   Code   RO         5775    .text               mf_w.l(fepilogue.o)
    0x080008e6   0x080008e6   0x000000ba   Code   RO         5777    .text               mf_w.l(depilogue.o)
    0x080009a0   0x080009a0   0x000000de   Code   RO         5779    .text               mf_w.l(ddiv.o)
    0x08000a7e   0x08000a7e   0x0000002e   Code   RO         5781    .text               mf_w.l(dscalb.o)
    0x08000aac   0x08000aac   0x00000030   Code   RO         5783    .text               mf_w.l(dfixul.o)
    0x08000adc   0x08000adc   0x00000024   Code   RO         5785    .text               mc_w.l(init.o)
    0x08000b00   0x08000b00   0x00000008   Code   RO         5788    .text               mc_w.l(ctype_o.o)
    0x08000b08   0x08000b08   0x0000009e   Code   RO         5816    .text               mc_w.l(_strtoul.o)
    0x08000ba6   0x08000ba6   0x000000a2   Code   RO         5819    .text               mf_w.l(dsqrt.o)
    0x08000c48   0x08000c48   0x0000001c   Code   RO         5821    .text               mc_w.l(_chval.o)
    0x08000c64   0x08000c64   0x0000010c   Code   RO         3703    i.Axis_PID          pid.o
    0x08000d70   0x08000d70   0x00000004   Code   RO         4414    i.BusFault_Handler  stm32f10x_it.o
    0x08000d74   0x08000d74   0x000000a4   Code   RO         3482    i.Create_Task       mytask.o
    0x08000e18   0x08000e18   0x00000002   Code   RO         4415    i.DebugMon_Handler  stm32f10x_it.o
    0x08000e1a   0x08000e1a   0x00000002   PAD
    0x08000e1c   0x08000e1c   0x0000001c   Code   RO         4125    i.ESP8266_Clear     esp8266.o
    0x08000e38   0x08000e38   0x00000050   Code   RO         4126    i.ESP8266_GetIPD    esp8266.o
    0x08000e88   0x08000e88   0x000001cc   Code   RO         4127    i.ESP8266_Init      esp8266.o
    0x08001054   0x08001054   0x00000054   Code   RO         4128    i.ESP8266_SendCmd   esp8266.o
    0x080010a8   0x080010a8   0x00000048   Code   RO         4129    i.ESP8266_SendData  esp8266.o
    0x080010f0   0x080010f0   0x00000034   Code   RO         4130    i.ESP8266_WaitRecive  esp8266.o
    0x08001124   0x08001124   0x000000b8   Code   RO         3676    i.Encoder1_Init     encoder.o
    0x080011dc   0x080011dc   0x000000b8   Code   RO         3677    i.Encoder2_Init     encoder.o
    0x08001294   0x08001294   0x00000060   Code   RO         3483    i.Esp_Task          mytask.o
    0x080012f4   0x080012f4   0x00000010   Code   RO         3704    i.GFP_abs           pid.o
    0x08001304   0x08001304   0x00000116   Code   RO         1347    i.GPIO_Init         stm32f10x_gpio.o
    0x0800141a   0x0800141a   0x00000002   PAD
    0x0800141c   0x0800141c   0x00000090   Code   RO         1349    i.GPIO_PinRemapConfig  stm32f10x_gpio.o
    0x080014ac   0x080014ac   0x00000004   Code   RO         1354    i.GPIO_ResetBits    stm32f10x_gpio.o
    0x080014b0   0x080014b0   0x00000004   Code   RO         1355    i.GPIO_SetBits      stm32f10x_gpio.o
    0x080014b4   0x080014b4   0x00000004   Code   RO         4416    i.HardFault_Handler  stm32f10x_it.o
    0x080014b8   0x080014b8   0x0000002a   Code   RO         1461    i.I2C_CheckEvent    stm32f10x_i2c.o
    0x080014e2   0x080014e2   0x00000018   Code   RO         1464    i.I2C_Cmd           stm32f10x_i2c.o
    0x080014fa   0x080014fa   0x00000018   Code   RO         1471    i.I2C_GenerateSTART  stm32f10x_i2c.o
    0x08001512   0x08001512   0x00000018   Code   RO         1472    i.I2C_GenerateSTOP  stm32f10x_i2c.o
    0x0800152a   0x0800152a   0x00000002   PAD
    0x0800152c   0x0800152c   0x000000ec   Code   RO         1478    i.I2C_Init          stm32f10x_i2c.o
    0x08001618   0x08001618   0x00000012   Code   RO         1485    i.I2C_Send7bitAddress  stm32f10x_i2c.o
    0x0800162a   0x0800162a   0x00000004   Code   RO         1486    i.I2C_SendData      stm32f10x_i2c.o
    0x0800162e   0x0800162e   0x00000034   Code   RO         3705    i.Limit             pid.o
    0x08001662   0x08001662   0x0000001c   Code   RO         4180    i.MQTT_DeleteBuffer  mqttkit.o
    0x0800167e   0x0800167e   0x0000002e   Code   RO         4181    i.MQTT_DumpLength   mqttkit.o
    0x080016ac   0x080016ac   0x00000058   Code   RO         4182    i.MQTT_NewBuffer    mqttkit.o
    0x08001704   0x08001704   0x000002a0   Code   RO         4184    i.MQTT_PacketConnect  mqttkit.o
    0x080019a4   0x080019a4   0x000001b8   Code   RO         4187    i.MQTT_PacketPublish  mqttkit.o
    0x08001b5c   0x08001b5c   0x00000048   Code   RO         4189    i.MQTT_PacketPublishComp  mqttkit.o
    0x08001ba4   0x08001ba4   0x00000048   Code   RO         4191    i.MQTT_PacketPublishRel  mqttkit.o
    0x08001bec   0x08001bec   0x000000fe   Code   RO         4194    i.MQTT_PacketSubscribe  mqttkit.o
    0x08001cea   0x08001cea   0x00000046   Code   RO         4196    i.MQTT_ReadLength   mqttkit.o
    0x08001d30   0x08001d30   0x0000008c   Code   RO         4197    i.MQTT_UnPacketCmd  mqttkit.o
    0x08001dbc   0x08001dbc   0x0000001e   Code   RO         4198    i.MQTT_UnPacketConnectAck  mqttkit.o
    0x08001dda   0x08001dda   0x00000002   PAD
    0x08001ddc   0x08001ddc   0x000001c0   Code   RO         4199    i.MQTT_UnPacketPublish  mqttkit.o
    0x08001f9c   0x08001f9c   0x0000001e   Code   RO         4200    i.MQTT_UnPacketPublishAck  mqttkit.o
    0x08001fba   0x08001fba   0x0000001e   Code   RO         4201    i.MQTT_UnPacketPublishComp  mqttkit.o
    0x08001fd8   0x08001fd8   0x0000001e   Code   RO         4202    i.MQTT_UnPacketPublishRec  mqttkit.o
    0x08001ff6   0x08001ff6   0x00000024   Code   RO         4203    i.MQTT_UnPacketPublishRel  mqttkit.o
    0x0800201a   0x0800201a   0x00000002   PAD
    0x0800201c   0x0800201c   0x00000074   Code   RO         4204    i.MQTT_UnPacketRecv  mqttkit.o
    0x08002090   0x08002090   0x00000034   Code   RO         4205    i.MQTT_UnPacketSubscribe  mqttkit.o
    0x080020c4   0x080020c4   0x00000012   Code   RO         4206    i.MQTT_UnPacketUnSubscribe  mqttkit.o
    0x080020d6   0x080020d6   0x00000004   Code   RO         4417    i.MemManage_Handler  stm32f10x_it.o
    0x080020da   0x080020da   0x00000002   PAD
    0x080020dc   0x080020dc   0x00000034   Code   RO         3655    i.Motor_Init        motor.o
    0x08002110   0x08002110   0x00000002   Code   RO         4418    i.NMI_Handler       stm32f10x_it.o
    0x08002112   0x08002112   0x00000002   PAD
    0x08002114   0x08002114   0x00000070   Code   RO          137    i.NVIC_Init         misc.o
    0x08002184   0x08002184   0x00000014   Code   RO          138    i.NVIC_PriorityGroupConfig  misc.o
    0x08002198   0x08002198   0x0000002a   Code   RO         3508    i.OLED_Clear        oled.o
    0x080021c2   0x080021c2   0x00000002   PAD
    0x080021c4   0x080021c4   0x00000074   Code   RO         3509    i.OLED_I2C_Init     oled.o
    0x08002238   0x08002238   0x000000ae   Code   RO         3510    i.OLED_Init         oled.o
    0x080022e6   0x080022e6   0x00000022   Code   RO         3512    i.OLED_SetCursor    oled.o
    0x08002308   0x08002308   0x00000074   Code   RO         3514    i.OLED_ShowChar     oled.o
    0x0800237c   0x0800237c   0x00000028   Code   RO         3518    i.OLED_ShowString   oled.o
    0x080023a4   0x080023a4   0x00000022   Code   RO         3519    i.OLED_WaitEvent    oled.o
    0x080023c6   0x080023c6   0x00000002   PAD
    0x080023c8   0x080023c8   0x00000060   Code   RO         3520    i.OLED_WriteCommand  oled.o
    0x08002428   0x08002428   0x00000060   Code   RO         3521    i.OLED_WriteData    oled.o
    0x08002488   0x08002488   0x00000200   Code   RO         4364    i.OneNet_DevLink    onenet.o
    0x08002688   0x08002688   0x0000004a   Code   RO         4365    i.OneNet_Publish    onenet.o
    0x080026d2   0x080026d2   0x00000002   PAD
    0x080026d4   0x080026d4   0x000003ac   Code   RO         4366    i.OneNet_RevPro     onenet.o
    0x08002a80   0x08002a80   0x0000006c   Code   RO         4367    i.OneNet_Subscribe  onenet.o
    0x08002aec   0x08002aec   0x00000024   Code   RO         3420    i.OpenMv_Data_Receive  usart.o
    0x08002b10   0x08002b10   0x00000094   Code   RO         3634    i.Pwm_Out           pwm.o
    0x08002ba4   0x08002ba4   0x000000dc   Code   RO         3635    i.Pwm_Tim1_Init     pwm.o
    0x08002c80   0x08002c80   0x00000020   Code   RO         1775    i.RCC_APB1PeriphClockCmd  stm32f10x_rcc.o
    0x08002ca0   0x08002ca0   0x00000020   Code   RO         1777    i.RCC_APB2PeriphClockCmd  stm32f10x_rcc.o
    0x08002cc0   0x08002cc0   0x000000d4   Code   RO         1785    i.RCC_GetClocksFreq  stm32f10x_rcc.o
    0x08002d94   0x08002d94   0x00000048   Code   RO         3678    i.Read_Encoder      encoder.o
    0x08002ddc   0x08002ddc   0x000000a8   Code   RO         3607    i.Servos_Init       servos.o
    0x08002e84   0x08002e84   0x0000001c   Code   RO         3608    i.Servos_Pwm        servos.o
    0x08002ea0   0x08002ea0   0x00000008   Code   RO           17    i.SetSysClock       system_stm32f10x.o
    0x08002ea8   0x08002ea8   0x000000e0   Code   RO           18    i.SetSysClockTo72   system_stm32f10x.o
    0x08002f88   0x08002f88   0x0000010c   Code   RO         3706    i.Speed_PID         pid.o
    0x08003094   0x08003094   0x00000034   Code   RO         5283    i.SysTick_Handler   port.o
    0x080030c8   0x080030c8   0x00000060   Code   RO           20    i.SystemInit        system_stm32f10x.o
    0x08003128   0x08003128   0x00000080   Code   RO         2405    i.TI1_Config        stm32f10x_tim.o
    0x080031a8   0x080031a8   0x00000098   Code   RO         2406    i.TI2_Config        stm32f10x_tim.o
    0x08003240   0x08003240   0x00000090   Code   RO         2407    i.TI3_Config        stm32f10x_tim.o
    0x080032d0   0x080032d0   0x00000098   Code   RO         2408    i.TI4_Config        stm32f10x_tim.o
    0x08003368   0x08003368   0x000000c4   Code   RO         3739    i.TIM5_IRQHandler   mytimer.o
    0x0800342c   0x0800342c   0x00000018   Code   RO         2409    i.TIM_ARRPreloadConfig  stm32f10x_tim.o
    0x08003444   0x08003444   0x00000006   Code   RO         2415    i.TIM_ClearFlag     stm32f10x_tim.o
    0x0800344a   0x0800344a   0x00000006   Code   RO         2416    i.TIM_ClearITPendingBit  stm32f10x_tim.o
    0x08003450   0x08003450   0x00000018   Code   RO         2421    i.TIM_Cmd           stm32f10x_tim.o
    0x08003468   0x08003468   0x0000001e   Code   RO         2423    i.TIM_CtrlPWMOutputs  stm32f10x_tim.o
    0x08003486   0x08003486   0x00000042   Code   RO         2430    i.TIM_EncoderInterfaceConfig  stm32f10x_tim.o
    0x080034c8   0x080034c8   0x00000006   Code   RO         2440    i.TIM_GetCounter    stm32f10x_tim.o
    0x080034ce   0x080034ce   0x00000022   Code   RO         2442    i.TIM_GetITStatus   stm32f10x_tim.o
    0x080034f0   0x080034f0   0x000000ac   Code   RO         2444    i.TIM_ICInit        stm32f10x_tim.o
    0x0800359c   0x0800359c   0x00000012   Code   RO         2445    i.TIM_ICStructInit  stm32f10x_tim.o
    0x080035ae   0x080035ae   0x00000012   Code   RO         2446    i.TIM_ITConfig      stm32f10x_tim.o
    0x080035c0   0x080035c0   0x0000000c   Code   RO         2448    i.TIM_InternalClockConfig  stm32f10x_tim.o
    0x080035cc   0x080035cc   0x00000098   Code   RO         2450    i.TIM_OC1Init       stm32f10x_tim.o
    0x08003664   0x08003664   0x00000012   Code   RO         2453    i.TIM_OC1PreloadConfig  stm32f10x_tim.o
    0x08003676   0x08003676   0x00000002   PAD
    0x08003678   0x08003678   0x000000a4   Code   RO         2455    i.TIM_OC2Init       stm32f10x_tim.o
    0x0800371c   0x0800371c   0x0000001a   Code   RO         2458    i.TIM_OC2PreloadConfig  stm32f10x_tim.o
    0x08003736   0x08003736   0x00000014   Code   RO         2468    i.TIM_OCStructInit  stm32f10x_tim.o
    0x0800374a   0x0800374a   0x00000004   Code   RO         2486    i.TIM_SetCounter    stm32f10x_tim.o
    0x0800374e   0x0800374e   0x00000012   Code   RO         2487    i.TIM_SetIC1Prescaler  stm32f10x_tim.o
    0x08003760   0x08003760   0x0000001a   Code   RO         2488    i.TIM_SetIC2Prescaler  stm32f10x_tim.o
    0x0800377a   0x0800377a   0x00000012   Code   RO         2489    i.TIM_SetIC3Prescaler  stm32f10x_tim.o
    0x0800378c   0x0800378c   0x0000001a   Code   RO         2490    i.TIM_SetIC4Prescaler  stm32f10x_tim.o
    0x080037a6   0x080037a6   0x00000002   PAD
    0x080037a8   0x080037a8   0x000000a4   Code   RO         2492    i.TIM_TimeBaseInit  stm32f10x_tim.o
    0x0800384c   0x0800384c   0x00000012   Code   RO         2493    i.TIM_TimeBaseStructInit  stm32f10x_tim.o
    0x0800385e   0x0800385e   0x00000002   PAD
    0x08003860   0x08003860   0x00000074   Code   RO         3740    i.Timer_Init        mytimer.o
    0x080038d4   0x080038d4   0x000000b0   Code   RO         3421    i.UART4_Init        usart.o
    0x08003984   0x08003984   0x0000009c   Code   RO         3422    i.UART5_IRQHandler  usart.o
    0x08003a20   0x08003a20   0x000000b4   Code   RO         3423    i.UART5_Init        usart.o
    0x08003ad4   0x08003ad4   0x0000004c   Code   RO         4131    i.USART3_IRQHandler  esp8266.o
    0x08003b20   0x08003b20   0x000000b0   Code   RO         3424    i.USART3_Init       usart.o
    0x08003bd0   0x08003bd0   0x00000012   Code   RO         2956    i.USART_ClearFlag   stm32f10x_usart.o
    0x08003be2   0x08003be2   0x00000018   Code   RO         2960    i.USART_Cmd         stm32f10x_usart.o
    0x08003bfa   0x08003bfa   0x0000001a   Code   RO         2963    i.USART_GetFlagStatus  stm32f10x_usart.o
    0x08003c14   0x08003c14   0x00000054   Code   RO         2964    i.USART_GetITStatus  stm32f10x_usart.o
    0x08003c68   0x08003c68   0x0000004a   Code   RO         2966    i.USART_ITConfig    stm32f10x_usart.o
    0x08003cb2   0x08003cb2   0x00000002   PAD
    0x08003cb4   0x08003cb4   0x000000d8   Code   RO         2967    i.USART_Init        stm32f10x_usart.o
    0x08003d8c   0x08003d8c   0x0000000a   Code   RO         2974    i.USART_ReceiveData  stm32f10x_usart.o
    0x08003d96   0x08003d96   0x00000008   Code   RO         2977    i.USART_SendData    stm32f10x_usart.o
    0x08003d9e   0x08003d9e   0x00000004   Code   RO         4419    i.UsageFault_Handler  stm32f10x_it.o
    0x08003da2   0x08003da2   0x00000048   Code   RO         3425    i.UsartPrintf       usart.o
    0x08003dea   0x08003dea   0x00000032   Code   RO         3426    i.Usart_SendString  usart.o
    0x08003e1c   0x08003e1c   0x00000028   Code   RO         5625    i.__0sprintf        mc_w.l(printfa.o)
    0x08003e44   0x08003e44   0x00000034   Code   RO         5628    i.__0vsnprintf      mc_w.l(printfa.o)
    0x08003e78   0x08003e78   0x00000028   Code   RO         5721    i.__ARM_fpclassify  m_ws.l(fpclassify.o)
    0x08003ea0   0x08003ea0   0x00000008   Code   RO         5765    i.__aeabi_errno_addr  mc_w.l(errno.o)
    0x08003ea8   0x08003ea8   0x000000aa   Code   RO         5723    i.__kernel_poly     m_ws.l(poly.o)
    0x08003f52   0x08003f52   0x00000002   PAD
    0x08003f54   0x08003f54   0x00000010   Code   RO         5707    i.__mathlib_dbl_divzero  m_ws.l(dunder.o)
    0x08003f64   0x08003f64   0x00000004   Code   RO         5709    i.__mathlib_dbl_infnan2  m_ws.l(dunder.o)
    0x08003f68   0x08003f68   0x0000000c   Code   RO         5710    i.__mathlib_dbl_invalid  m_ws.l(dunder.o)
    0x08003f74   0x08003f74   0x0000000e   Code   RO         5711    i.__mathlib_dbl_overflow  m_ws.l(dunder.o)
    0x08003f82   0x08003f82   0x00000002   PAD
    0x08003f84   0x08003f84   0x00000010   Code   RO         5713    i.__mathlib_dbl_underflow  m_ws.l(dunder.o)
    0x08003f94   0x08003f94   0x0000000e   Code   RO         5825    i.__scatterload_copy  mc_w.l(handlers.o)
    0x08003fa2   0x08003fa2   0x00000002   Code   RO         5826    i.__scatterload_null  mc_w.l(handlers.o)
    0x08003fa4   0x08003fa4   0x0000000e   Code   RO         5827    i.__scatterload_zeroinit  mc_w.l(handlers.o)
    0x08003fb2   0x08003fb2   0x00000002   PAD
    0x08003fb4   0x08003fb4   0x0000000c   Code   RO         5767    i.__set_errno       mc_w.l(errno.o)
    0x08003fc0   0x08003fc0   0x00000184   Code   RO         5630    i._fp_digits        mc_w.l(printfa.o)
    0x08004144   0x08004144   0x000006b4   Code   RO         5631    i._printf_core      mc_w.l(printfa.o)
    0x080047f8   0x080047f8   0x00000024   Code   RO         5632    i._printf_post_padding  mc_w.l(printfa.o)
    0x0800481c   0x0800481c   0x0000002e   Code   RO         5633    i._printf_pre_padding  mc_w.l(printfa.o)
    0x0800484a   0x0800484a   0x00000016   Code   RO         5634    i._snputc           mc_w.l(printfa.o)
    0x08004860   0x08004860   0x0000000a   Code   RO         5635    i._sputc            mc_w.l(printfa.o)
    0x0800486a   0x0800486a   0x00000002   PAD
    0x0800486c   0x0800486c   0x00000058   Code   RO         3780    i.cJSON_Delete      cjson.o
    0x080048c4   0x080048c4   0x0000001e   Code   RO         3789    i.cJSON_GetObjectItem  cjson.o
    0x080048e2   0x080048e2   0x00000002   PAD
    0x080048e4   0x080048e4   0x00000020   Code   RO         3793    i.cJSON_New_Item    cjson.o
    0x08004904   0x08004904   0x00000010   Code   RO         3794    i.cJSON_Parse       cjson.o
    0x08004914   0x08004914   0x00000064   Code   RO         3795    i.cJSON_ParseWithOpts  cjson.o
    0x08004978   0x08004978   0x0000004c   Code   RO         3801    i.cJSON_strcasecmp  cjson.o
    0x080049c4   0x080049c4   0x00000030   Code   RO         3383    i.delay_Init        delay.o
    0x080049f4   0x080049f4   0x00000018   Code   RO         3384    i.delay_ms          delay.o
    0x08004a0c   0x08004a0c   0x00000030   Code   RO         3386    i.delay_us          delay.o
    0x08004a3c   0x08004a3c   0x00000050   Code   RO         5651    i.free              mc_w.l(malloc.o)
    0x08004a8c   0x08004a8c   0x00000038   Code   RO         4459    i.main              main.o
    0x08004ac4   0x08004ac4   0x0000006c   Code   RO         5652    i.malloc            mc_w.l(malloc.o)
    0x08004b30   0x08004b30   0x000000ac   Code   RO         3805    i.parse_array       cjson.o
    0x08004bdc   0x08004bdc   0x00000114   Code   RO         3806    i.parse_hex4        cjson.o
    0x08004cf0   0x08004cf0   0x000001bc   Code   RO         3807    i.parse_number      cjson.o
    0x08004eac   0x08004eac   0x00000114   Code   RO         3808    i.parse_object      cjson.o
    0x08004fc0   0x08004fc0   0x000001cc   Code   RO         3809    i.parse_string      cjson.o
    0x0800518c   0x0800518c   0x000000bc   Code   RO         3810    i.parse_value       cjson.o
    0x08005248   0x08005248   0x000009d8   Code   RO         5358    i.pow               m_ws.l(pow.o)
    0x08005c20   0x08005c20   0x000000c0   Code   RO         4915    i.prvAddCurrentTaskToDelayedList  tasks.o
    0x08005ce0   0x08005ce0   0x000000e4   Code   RO         4916    i.prvAddNewTaskToReadyList  tasks.o
    0x08005dc4   0x08005dc4   0x00000048   Code   RO         4917    i.prvCheckTasksWaitingTermination  tasks.o
    0x08005e0c   0x08005e0c   0x00000012   Code   RO         4918    i.prvDeleteTCB      tasks.o
    0x08005e1e   0x08005e1e   0x00000002   PAD
    0x08005e20   0x08005e20   0x00000070   Code   RO         5221    i.prvHeapInit       heap_4.o
    0x08005e90   0x08005e90   0x00000028   Code   RO         4919    i.prvIdleTask       tasks.o
    0x08005eb8   0x08005eb8   0x0000007a   Code   RO         4920    i.prvInitialiseNewTask  tasks.o
    0x08005f32   0x08005f32   0x00000002   PAD
    0x08005f34   0x08005f34   0x00000068   Code   RO         4921    i.prvInitialiseTaskLists  tasks.o
    0x08005f9c   0x08005f9c   0x00000068   Code   RO         5222    i.prvInsertBlockIntoFreeList  heap_4.o
    0x08006004   0x08006004   0x00000030   Code   RO         4922    i.prvResetNextTaskUnblockTime  tasks.o
    0x08006034   0x08006034   0x00000016   Code   RO         5284    i.prvTaskExitError  port.o
    0x0800604a   0x0800604a   0x00000002   PAD
    0x0800604c   0x0800604c   0x000000e4   Code   RO         5224    i.pvPortMalloc      heap_4.o
    0x08006130   0x08006130   0x00000024   Code   RO         5285    i.pxPortInitialiseStack  port.o
    0x08006154   0x08006154   0x00000012   Code   RO         3818    i.skip              cjson.o
    0x08006166   0x08006166   0x0000004c   Code   RO         5727    i.sqrt              m_ws.l(sqrt.o)
    0x080061b2   0x080061b2   0x00000028   Code   RO         4599    i.uxListRemove      list.o
    0x080061da   0x080061da   0x0000001a   Code   RO         4600    i.vListInitialise   list.o
    0x080061f4   0x080061f4   0x00000006   Code   RO         4601    i.vListInitialiseItem  list.o
    0x080061fa   0x080061fa   0x00000034   Code   RO         4602    i.vListInsert       list.o
    0x0800622e   0x0800622e   0x00000018   Code   RO         4603    i.vListInsertEnd    list.o
    0x08006246   0x08006246   0x00000002   PAD
    0x08006248   0x08006248   0x00000024   Code   RO         5287    i.vPortEnterCritical  port.o
    0x0800626c   0x0800626c   0x00000020   Code   RO         5288    i.vPortExitCritical  port.o
    0x0800628c   0x0800628c   0x0000004c   Code   RO         5225    i.vPortFree         heap_4.o
    0x080062d8   0x080062d8   0x00000018   Code   RO         5289    i.vPortSetupTimerInterrupt  port.o
    0x080062f0   0x080062f0   0x00000034   Code   RO         4930    i.vTaskDelay        tasks.o
    0x08006324   0x08006324   0x000000d4   Code   RO         4931    i.vTaskDelete       tasks.o
    0x080063f8   0x080063f8   0x0000006c   Code   RO         4942    i.vTaskStartScheduler  tasks.o
    0x08006464   0x08006464   0x00000010   Code   RO         4944    i.vTaskSuspendAll   tasks.o
    0x08006474   0x08006474   0x00000060   Code   RO         4945    i.vTaskSwitchContext  tasks.o
    0x080064d4   0x080064d4   0x00000034   Code   RO         5290    i.xPortStartScheduler  port.o
    0x08006508   0x08006508   0x00000068   Code   RO         4948    i.xTaskCreate       tasks.o
    0x08006570   0x08006570   0x00000190   Code   RO         4957    i.xTaskIncrementTick  tasks.o
    0x08006700   0x08006700   0x0000015c   Code   RO         4959    i.xTaskResumeAll    tasks.o
    0x0800685c   0x0800685c   0x00000004   Data   RO         3484    .constdata          mytask.o
    0x08006860   0x08006860   0x000005f0   Data   RO         3522    .constdata          oled.o
    0x08006e50   0x08006e50   0x00000007   Data   RO         3821    .constdata          cjson.o
    0x08006e57   0x08006e57   0x00000001   PAD
    0x08006e58   0x08006e58   0x00000088   Data   RO         5359    .constdata          m_ws.l(pow.o)
    0x08006ee0   0x08006ee0   0x00000008   Data   RO         5725    .constdata          m_ws.l(qnan.o)
    0x08006ee8   0x08006ee8   0x00000081   Data   RO         5789    .constdata          mc_w.l(ctype_o.o)
    0x08006f69   0x08006f69   0x00000003   PAD
    0x08006f6c   0x08006f6c   0x00000004   Data   RO         5790    .constdata          mc_w.l(ctype_o.o)
    0x08006f70   0x08006f70   0x0000000a   Data   RO         3485    .conststring        mytask.o
    0x08006f7a   0x08006f7a   0x00000002   PAD
    0x08006f7c   0x08006f7c   0x00000020   Data   RO         5823    Region$$Table       anon$$obj.o


    Execution Region RW_IRAM1 (Exec base: 0x20000000, Load base: 0x08006f9c, Size: 0x00004cc8, Max: 0x00010000, ABSOLUTE)

    Exec Addr    Load Addr    Size         Type   Attr      Idx    E Section Name        Object

    0x20000000   0x08006f9c   0x00000014   Data   RW         1805    .data               stm32f10x_rcc.o
    0x20000014   0x08006fb0   0x00000005   Data   RW         3428    .data               usart.o
    0x20000019   0x08006fb5   0x00000003   PAD
    0x2000001c   0x08006fb8   0x00000004   Data   RW         3486    .data               mytask.o
    0x20000020   0x08006fbc   0x00000028   Data   RW         3707    .data               pid.o
    0x20000048   0x08006fe4   0x0000000a   Data   RW         3741    .data               mytimer.o
    0x20000052   0x08006fee   0x00000002   PAD
    0x20000054   0x08006ff0   0x0000000c   Data   RW         3822    .data               cjson.o
    0x20000060   0x08006ffc   0x00000004   Data   RW         4133    .data               esp8266.o
    0x20000064   0x08007000   0x0000000e   Data   RW         4368    .data               onenet.o
    0x20000072   0x0800700e   0x00000002   PAD
    0x20000074   0x08007010   0x00000040   Data   RW         4962    .data               tasks.o
    0x200000b4   0x08007050   0x0000001c   Data   RW         5231    .data               heap_4.o
    0x200000d0   0x0800706c   0x00000004   Data   RW         5291    .data               port.o
    0x200000d4   0x08007070   0x00000004   Data   RW         5763    .data               mc_w.l(mvars.o)
    0x200000d8   0x08007074   0x00000004   Data   RW         5764    .data               mc_w.l(mvars.o)
    0x200000dc   0x08007078   0x00000004   Data   RW         5768    .data               mc_w.l(errno.o)
    0x200000e0        -       0x0000001c   Zero   RW         3427    .bss                usart.o
    0x200000fc        -       0x00000100   Zero   RW         4132    .bss                esp8266.o
    0x200001fc        -       0x000000c8   Zero   RW         4961    .bss                tasks.o
    0x200002c4        -       0x00004400   Zero   RW         5230    .bss                heap_4.o
    0x200046c4   0x0800707c   0x00000004   PAD
    0x200046c8        -       0x00000200   Zero   RW          131    HEAP                startup_stm32f10x_hd.o
    0x200048c8        -       0x00000400   Zero   RW          130    STACK               startup_stm32f10x_hd.o


==============================================================================

Image component sizes


      Code (inc. data)   RO Data    RW Data    ZI Data      Debug   Object Name

      2176         82          7         12          0      11761   cjson.o
         0          0          0          0          0       4540   core_cm3.o
         0          0          0          0          0       7992   croutine.o
       120         10          0          0          0       1455   delay.o
       440         18          0          0          0       1911   encoder.o
       852        320          0          4        256       4687   esp8266.o
         0          0          0          0          0       2476   event_groups.o
       520         58          0         28      17408       4331   heap_4.o
       148          0          0          0          0       2994   list.o
        56         18          0          0          0        419   main.o
       132         22          0          0          0     206071   misc.o
        52          6          0          0          0        469   motor.o
      2672         26          0          0          0      16772   mqttkit.o
       260         56         14          4          0       1450   mytask.o
       312         46          0         10          0       1419   mytimer.o
       748         40       1520          0          0       5791   oled.o
      1634        722          0         14          0       5859   onenet.o
       604         80          0         40          0       3140   pid.o
       404         48          0          4          0       8536   port.o
       368         16          0          0          0       1258   pwm.o
       196         16          0          0          0       1091   servos.o
        36          8        304          0       1536        764   startup_stm32f10x_hd.o
       430          6          0          0          0      11910   stm32f10x_gpio.o
       372         14          0          0          0      13390   stm32f10x_i2c.o
        20          0          0          0          0       2417   stm32f10x_it.o
       276         32          0         20          0      12878   stm32f10x_rcc.o
      1646        180          0          0          0      36597   stm32f10x_tim.o
       460          6          0          0          0      12255   stm32f10x_usart.o
         0          0          0          0          0     259920   sys.o
       328         28          0          0          0      10469   system_stm32f10x.o
      2160        300          0         64        200      25985   tasks.o
       846         48          0          5         28       5557   usart.o

    ----------------------------------------------------------------------
     18308       2206       1880        212      19432     686564   Object Totals
         0          0         32          0          0          0   (incl. Generated)
        40          0          3          7          4          0   (incl. Padding)

    ----------------------------------------------------------------------

      Code (inc. data)   RO Data    RW Data    ZI Data      Debug   Library Member Name

        62         10          0          0          0        340   dunder.o
        40          0          0          0          0         68   fpclassify.o
       170          0          0          0          0         96   poly.o
      2520        190        136          0          0        324   pow.o
         0          0          8          0          0          0   qnan.o
        76          0          0          0          0         84   sqrt.o
        28          0          0          0          0         68   _chval.o
       158          0          0          0          0         92   _strtoul.o
        26          0          0          0          0         80   atoi.o
         8          4        133          0          0         68   ctype_o.o
         0          0          0          0          0          0   entry.o
         0          0          0          0          0          0   entry10a.o
         0          0          0          0          0          0   entry11a.o
         4          0          0          0          0          0   entry12b.o
         8          4          0          0          0          0   entry2.o
         4          0          0          0          0          0   entry5.o
         0          0          0          0          0          0   entry7b.o
         0          0          0          0          0          0   entry8b.o
         8          4          0          0          0          0   entry9a.o
        20         10          0          4          0        136   errno.o
        30          0          0          0          0          0   handlers.o
        36          8          0          0          0         68   init.o
         0          0          0          0          0          0   iusefp.o
        30          0          0          0          0         68   llshl.o
        36          0          0          0          0         68   llsshr.o
        32          0          0          0          0         68   llushr.o
       188         20          0          0          0        160   malloc.o
        36          0          0          0          0         68   memcpya.o
        36          0          0          0          0        108   memseta.o
         0          0          0          8          0          0   mvars.o
      2310         92          0          0          0        680   printfa.o
        20          0          0          0          0         68   strchr.o
        14          0          0          0          0         68   strlen.o
        40          0          0          0          0         76   strncat.o
        30          0          0          0          0         80   strncmp.o
        36          0          0          0          0         80   strstr.o
       112          0          0          0          0         88   strtol.o
        12          0          0          0          0         68   tolower.o
        44          0          0          0          0         80   uidiv.o
        98          0          0          0          0         92   uldiv.o
        48          0          0          0          0         68   cdrcmple.o
       334          0          0          0          0        148   dadd.o
       222          0          0          0          0        100   ddiv.o
       186          0          0          0          0        176   depilogue.o
        62          0          0          0          0         80   dfixi.o
        48          0          0          0          0         68   dfixul.o
        34          0          0          0          0         76   dflti.o
       228          0          0          0          0         96   dmul.o
        46          0          0          0          0         80   dscalb.o
       162          0          0          0          0        100   dsqrt.o
       176          0          0          0          0        140   fadd.o
       110          0          0          0          0        168   fepilogue.o
        50          0          0          0          0         68   ffixi.o
        18          0          0          0          0         68   fflti.o
       100          0          0          0          0         76   fmul.o

    ----------------------------------------------------------------------
      8104        342        280         12          0       4856   Library Totals
         8          0          3          0          0          0   (incl. Padding)

    ----------------------------------------------------------------------

      Code (inc. data)   RO Data    RW Data    ZI Data      Debug   Library Name

      2868        200        144          0          0        912   m_ws.l
      3404        142        133         12          0       2432   mc_w.l
      1824          0          0          0          0       1512   mf_w.l

    ----------------------------------------------------------------------
      8104        342        280         12          0       4856   Library Totals

    ----------------------------------------------------------------------

==============================================================================


      Code (inc. data)   RO Data    RW Data    ZI Data      Debug   

     26412       2548       2160        224      19432     680080   Grand Totals
     26412       2548       2160        224      19432     680080   ELF Image Totals
     26412       2548       2160        224          0          0   ROM Totals

==============================================================================

    Total RO  Size (Code + RO Data)                28572 (  27.90kB)
    Total RW  Size (RW Data + ZI Data)             19656 (  19.20kB)
    Total ROM Size (Code + RO Data + RW Data)      28796 (  28.12kB)

==============================================================================

